Component: ARM Compiler 5.06 update 1 (build 61) Tool: armlink [4d35a8]

==============================================================================

Section Cross References

    main.o(i.entry_task_demo) refers to _printf_percent.o(.ARM.Collect$$_printf_percent$$00000000) for _printf_percent
    main.o(i.entry_task_demo) refers to _printf_x.o(.ARM.Collect$$_printf_percent$$0000000C) for _printf_x
    main.o(i.entry_task_demo) refers to _printf_hex_int.o(.text) for _printf_longlong_hex
    main.o(i.entry_task_demo) refers to noretval__2printf.o(.text) for __2printf
    main.o(i.entry_task_demo) refers to tos_mmheap.o(i.tos_mmheap_alloc) for tos_mmheap_alloc
    main.o(i.entry_task_demo) refers to tos_mmheap.o(i.tos_mmheap_aligned_alloc) for tos_mmheap_aligned_alloc
    main.o(i.entry_task_demo) refers to tos_mmheap.o(i.tos_mmheap_realloc) for tos_mmheap_realloc
    main.o(i.entry_task_demo) refers to tos_mmheap.o(i.tos_mmheap_free) for tos_mmheap_free
    main.o(i.entry_task_demo) refers to tos_task.o(i.tos_task_delay) for tos_task_delay
    main.o(i.main) refers to stm32f4xx_hal.o(i.HAL_Init) for HAL_Init
    main.o(i.main) refers to sys.o(i.Stm32_Clock_Init) for Stm32_Clock_Init
    main.o(i.main) refers to delay.o(i.delay_init) for delay_init
    main.o(i.main) refers to usart.o(i.uart_init) for uart_init
    main.o(i.main) refers to led.o(i.LED_Init) for LED_Init
    main.o(i.main) refers to key.o(i.KEY_Init) for KEY_Init
    main.o(i.main) refers to lcd.o(i.LCD_Init) for LCD_Init
    main.o(i.main) refers to tos_sys.o(i.tos_knl_init) for tos_knl_init
    main.o(i.main) refers to tos_task.o(i.tos_task_create) for tos_task_create
    main.o(i.main) refers to tos_sys.o(i.tos_knl_start) for tos_knl_start
    main.o(i.main) refers to main.o(.bss) for .bss
    main.o(i.main) refers to main.o(i.entry_task_demo) for entry_task_demo
    stm32f4xx_it.o(i.SysTick_Handler) refers to stm32f4xx_hal.o(i.HAL_IncTick) for HAL_IncTick
    stm32f4xx_it.o(i.SysTick_Handler) refers to tos_sys.o(i.tos_knl_irq_enter) for tos_knl_irq_enter
    stm32f4xx_it.o(i.SysTick_Handler) refers to tos_tick.o(i.tos_tick_handler) for tos_tick_handler
    stm32f4xx_it.o(i.SysTick_Handler) refers to tos_sys.o(i.tos_knl_irq_leave) for tos_knl_irq_leave
    system_stm32f4xx.o(i.SystemCoreClockUpdate) refers to system_stm32f4xx.o(.data) for .data
    startup_stm32f429xx.o(STACK) refers (Special) to heapauxi.o(.text) for __use_two_region_memory
    startup_stm32f429xx.o(HEAP) refers (Special) to heapauxi.o(.text) for __use_two_region_memory
    startup_stm32f429xx.o(RESET) refers (Special) to heapauxi.o(.text) for __use_two_region_memory
    startup_stm32f429xx.o(RESET) refers to startup_stm32f429xx.o(STACK) for __initial_sp
    startup_stm32f429xx.o(RESET) refers to startup_stm32f429xx.o(.text) for Reset_Handler
    startup_stm32f429xx.o(RESET) refers to stm32f4xx_it.o(i.NMI_Handler) for NMI_Handler
    startup_stm32f429xx.o(RESET) refers to stm32f4xx_it.o(i.HardFault_Handler) for HardFault_Handler
    startup_stm32f429xx.o(RESET) refers to stm32f4xx_it.o(i.MemManage_Handler) for MemManage_Handler
    startup_stm32f429xx.o(RESET) refers to stm32f4xx_it.o(i.BusFault_Handler) for BusFault_Handler
    startup_stm32f429xx.o(RESET) refers to stm32f4xx_it.o(i.UsageFault_Handler) for UsageFault_Handler
    startup_stm32f429xx.o(RESET) refers to stm32f4xx_it.o(i.SVC_Handler) for SVC_Handler
    startup_stm32f429xx.o(RESET) refers to stm32f4xx_it.o(i.DebugMon_Handler) for DebugMon_Handler
    startup_stm32f429xx.o(RESET) refers to port_s.o(.text) for PendSV_Handler
    startup_stm32f429xx.o(RESET) refers to stm32f4xx_it.o(i.SysTick_Handler) for SysTick_Handler
    startup_stm32f429xx.o(RESET) refers to usart.o(i.USART1_IRQHandler) for USART1_IRQHandler
    startup_stm32f429xx.o(.text) refers (Special) to heapauxi.o(.text) for __use_two_region_memory
    startup_stm32f429xx.o(.text) refers to system_stm32f4xx.o(i.SystemInit) for SystemInit
    startup_stm32f429xx.o(.text) refers to __main.o(!!!main) for __main
    startup_stm32f429xx.o(.text) refers to startup_stm32f429xx.o(HEAP) for Heap_Mem
    startup_stm32f429xx.o(.text) refers to startup_stm32f429xx.o(STACK) for Stack_Mem
    stm32f4xx_hal.o(i.HAL_DeInit) refers to stm32f4xx_hal.o(i.HAL_MspDeInit) for HAL_MspDeInit
    stm32f4xx_hal.o(i.HAL_Delay) refers to stm32f4xx_hal.o(i.HAL_GetTick) for HAL_GetTick
    stm32f4xx_hal.o(i.HAL_GetTick) refers to stm32f4xx_hal.o(.data) for .data
    stm32f4xx_hal.o(i.HAL_IncTick) refers to stm32f4xx_hal.o(.data) for .data
    stm32f4xx_hal.o(i.HAL_Init) refers to stm32f4xx_hal_cortex.o(i.HAL_NVIC_SetPriorityGrouping) for HAL_NVIC_SetPriorityGrouping
    stm32f4xx_hal.o(i.HAL_Init) refers to stm32f4xx_hal.o(i.HAL_InitTick) for HAL_InitTick
    stm32f4xx_hal.o(i.HAL_Init) refers to stm32f4xx_hal.o(i.HAL_MspInit) for HAL_MspInit
    stm32f4xx_hal.o(i.HAL_InitTick) refers to stm32f4xx_hal_rcc.o(i.HAL_RCC_GetHCLKFreq) for HAL_RCC_GetHCLKFreq
[...]
    i.fputc                                  0x080053b4   Section        0  usart.o(i.fputc)
    i.generic_fls                            0x080053c8   Section        0  tos_mmheap.o(i.generic_fls)
    generic_fls                              0x080053c9   Thumb Code    12  tos_mmheap.o(i.generic_fls)
    i.knl_idle_entry                         0x080053d4   Section        0  tos_sys.o(i.knl_idle_entry)
    knl_idle_entry                           0x080053d5   Thumb Code     2  tos_sys.o(i.knl_idle_entry)
    i.knl_idle_init                          0x080053d8   Section        0  tos_sys.o(i.knl_idle_init)
    i.knl_is_idle                            0x08005410   Section        0  tos_sys.o(i.knl_is_idle)
    i.knl_is_inirq                           0x08005424   Section        0  tos_sys.o(i.knl_is_inirq)
    i.knl_is_sched_locked                    0x08005434   Section        0  tos_sys.o(i.knl_is_sched_locked)
    i.knl_is_self                            0x08005444   Section        0  tos_sys.o(i.knl_is_self)
    i.knl_sched                              0x08005458   Section        0  tos_sys.o(i.knl_sched)
    i.main                                   0x08005494   Section        0  main.o(i.main)
    i.mapping_insert                         0x08005508   Section        0  tos_mmheap.o(i.mapping_insert)
    mapping_insert                           0x08005509   Thumb Code    44  tos_mmheap.o(i.mapping_insert)
    i.mmheap_init                            0x08005534   Section        0  tos_mmheap.o(i.mmheap_init)
    i.msgpool_init                           0x0800556c   Section        0  tos_msg.o(i.msgpool_init)
    i.mutex_old_owner_release                0x08005590   Section        0  tos_mutex.o(i.mutex_old_owner_release)
    mutex_old_owner_release                  0x08005591   Thumb Code    58  tos_mutex.o(i.mutex_old_owner_release)
    i.mutex_release                          0x080055ca   Section        0  tos_mutex.o(i.mutex_release)
    i.pend_highest_prio_get                  0x080055de   Section        0  tos_pend.o(i.pend_highest_prio_get)
    i.pend_list_add                          0x080055fc   Section        0  tos_pend.o(i.pend_list_add)
    pend_list_add                            0x080055fd   Thumb Code    52  tos_pend.o(i.pend_list_add)
    i.pend_list_adjust                       0x08005630   Section        0  tos_pend.o(i.pend_list_adjust)
    i.pend_list_remove                       0x0800563e   Section        0  tos_pend.o(i.pend_list_remove)
    i.pend_task_wakeup                       0x08005654   Section        0  tos_pend.o(i.pend_task_wakeup)
    i.pend_wakeup_all                        0x0800568c   Section        0  tos_pend.o(i.pend_wakeup_all)
    i.port_systick_config                    0x080056ac   Section        0  port_c.o(i.port_systick_config)
    i.port_systick_priority_set              0x080056ce   Section        0  port_c.o(i.port_systick_priority_set)
    i.readyqueue_add                         0x080056d8   Section        0  tos_sched.o(i.readyqueue_add)
    i.readyqueue_add_head                    0x080056f0   Section        0  tos_sched.o(i.readyqueue_add_head)
    i.readyqueue_add_tail                    0x08005720   Section        0  tos_sched.o(i.readyqueue_add_tail)
    i.readyqueue_first_task_get              0x0800574c   Section        0  tos_sched.o(i.readyqueue_first_task_get)
    i.readyqueue_highest_ready_task_get      0x0800576c   Section        0  tos_sched.o(i.readyqueue_highest_ready_task_get)
    i.readyqueue_init                        0x08005780   Section        0  tos_sched.o(i.readyqueue_init)
    i.readyqueue_is_prio_onlyone             0x080057b4   Section        0  tos_sched.o(i.readyqueue_is_prio_onlyone)
    i.readyqueue_move_head_to_tail           0x080057d0   Section        0  tos_sched.o(i.readyqueue_move_head_to_tail)
    i.readyqueue_prio_mark                   0x080057fc   Section        0  tos_sched.o(i.readyqueue_prio_mark)
    readyqueue_prio_mark                     0x080057fd   Thumb Code    42  tos_sched.o(i.readyqueue_prio_mark)
    i.readyqueue_remove                      0x0800582c   Section        0  tos_sched.o(i.readyqueue_remove)
    i.remove_free_block                      0x0800588c   Section        0  tos_mmheap.o(i.remove_free_block)
    remove_free_block                        0x0800588d   Thumb Code    60  tos_mmheap.o(i.remove_free_block)
    i.robin_sched                            0x080058cc   Section        0  tos_robin.o(i.robin_sched)
    i.task_exit                              0x08005948   Section        0  tos_task.o(i.task_exit)
    task_exit                                0x08005949   Thumb Code     6  tos_task.o(i.task_exit)
    i.task_reset                             0x0800594e   Section        0  tos_task.o(i.task_reset)
    task_reset                               0x0800594f   Thumb Code    38  tos_task.o(i.task_reset)
    i.task_state_is_ready                    0x08005974   Section        0  tos_task.o(i.task_state_is_ready)
    task_state_is_ready                      0x08005975   Thumb Code    12  tos_task.o(i.task_state_is_ready)
    i.tick_list_add                          0x08005980   Section        0  tos_tick.o(i.tick_list_add)
    i.tick_list_remove                       0x080059b0   Section        0  tos_tick.o(i.tick_list_remove)
    i.tick_task_place                        0x08005a28   Section        0  tos_tick.o(i.tick_task_place)
    tick_task_place                          0x08005a29   Thumb Code   120  tos_tick.o(i.tick_task_place)
    i.tick_update                            0x08005aa4   Section        0  tos_tick.o(i.tick_update)
    i.timer_init                             0x08005b1c   Section        0  tos_timer.o(i.timer_init)
    i.timer_place                            0x08005b20   Section        0  tos_timer.o(i.timer_place)
    timer_place                              0x08005b21   Thumb Code   106  tos_timer.o(i.timer_place)
    i.timer_takeoff                          0x08005b94   Section        0  tos_timer.o(i.timer_takeoff)
    timer_takeoff                            0x08005b95   Thumb Code    72  tos_timer.o(i.timer_takeoff)
    i.timer_update                           0x08005be0   Section        0  tos_timer.o(i.timer_update)
    i.tos_cpu_clz                            0x08005c5c   Section        0  tos_cpu.o(i.tos_cpu_clz)
    i.tos_cpu_cpsr_restore                   0x08005c60   Section        0  tos_cpu.o(i.tos_cpu_cpsr_restore)
    i.tos_cpu_cpsr_save                      0x08005c64   Section        0  tos_cpu.o(i.tos_cpu_cpsr_save)
    i.tos_knl_init                           0x08005c68   Section        0  tos_sys.o(i.tos_knl_init)
    i.tos_knl_irq_enter                      0x08005c98   Section        0  tos_sys.o(i.tos_knl_irq_enter)
    i.tos_knl_irq_leave                      0x08005cb4   Section        0  tos_sys.o(i.tos_knl_irq_leave)
    i.tos_knl_is_running                     0x08005d08   Section        0  tos_sys.o(i.tos_knl_is_running)
    i.tos_knl_sched_lock                     0x08005d18   Section        0  tos_sys.o(i.tos_knl_sched_lock)
    i.tos_knl_sched_unlock                   0x08005d58   Section        0  tos_sys.o(i.tos_knl_sched_unlock)
    i.tos_knl_start                          0x08005d9c   Section        0  tos_sys.o(i.tos_knl_start)
    i.tos_list_add                           0x08005dd0   Section        0  tos_msg.o(i.tos_list_add)
    tos_list_add                             0x08005dd1   Thumb Code     6  tos_msg.o(i.tos_list_add)
    i.tos_list_add_tail                      0x08005dd6   Section        0  tos_sched.o(i.tos_list_add_tail)
    tos_list_add_tail                        0x08005dd7   Thumb Code    10  tos_sched.o(i.tos_list_add_tail)
    i.tos_list_empty                         0x08005de0   Section        0  tos_pend.o(i.tos_list_empty)
    tos_list_empty                           0x08005de1   Thumb Code    14  tos_pend.o(i.tos_list_empty)
    i.tos_list_empty                         0x08005dee   Section        0  tos_sched.o(i.tos_list_empty)
    tos_list_empty                           0x08005def   Thumb Code    14  tos_sched.o(i.tos_list_empty)
    i.tos_list_empty                         0x08005dfc   Section        0  tos_task.o(i.tos_list_empty)
    tos_list_empty                           0x08005dfd   Thumb Code    14  tos_task.o(i.tos_list_empty)
    i.tos_list_empty                         0x08005e0a   Section        0  tos_tick.o(i.tos_list_empty)
    tos_list_empty                           0x08005e0b   Thumb Code    14  tos_tick.o(i.tos_list_empty)
    i.tos_mmheap_aligned_alloc               0x08005e18   Section        0  tos_mmheap.o(i.tos_mmheap_aligned_alloc)
    i.tos_mmheap_alloc                       0x08005eac   Section        0  tos_mmheap.o(i.tos_mmheap_alloc)
    i.tos_mmheap_free                        0x08005eca   Section        0  tos_mmheap.o(i.tos_mmheap_free)
    i.tos_mmheap_pool_add                    0x08005f04   Section        0  tos_mmheap.o(i.tos_mmheap_pool_add)
    i.tos_mmheap_realloc                     0x08005f58   Section        0  tos_mmheap.o(i.tos_mmheap_realloc)
    i.tos_task_create                        0x08006018   Section        0  tos_task.o(i.tos_task_create)
    i.tos_task_delay                         0x080060d0   Section        0  tos_task.o(i.tos_task_delay)
    i.tos_task_destroy                       0x08006130   Section        0  tos_task.o(i.tos_task_destroy)
    i.tos_task_prio_change                   0x080061e4   Section        0  tos_task.o(i.tos_task_prio_change)
    i.tos_task_yield                         0x0800629c   Section        0  tos_task.o(i.tos_task_yield)
    i.tos_tick_handler                       0x080062d0   Section        0  tos_tick.o(i.tos_tick_handler)
    i.uart_init                              0x080062fc   Section        0  usart.o(i.uart_init)
    x$fpl$dfixu                              0x08006320   Section       90  dfixu.o(x$fpl$dfixu)
    $v0                                      0x08006320   Number         0  dfixu.o(x$fpl$dfixu)
    x$fpl$dfltu                              0x0800637a   Section       38  dflt_clz.o(x$fpl$dfltu)
    $v0                                      0x0800637a   Number         0  dflt_clz.o(x$fpl$dfltu)
    x$fpl$dmul                               0x080063a0   Section      340  dmul.o(x$fpl$dmul)
    $v0                                      0x080063a0   Number         0  dmul.o(x$fpl$dmul)
    x$fpl$dnaninf                            0x080064f4   Section      156  dnaninf.o(x$fpl$dnaninf)
    $v0                                      0x080064f4   Number         0  dnaninf.o(x$fpl$dnaninf)
    x$fpl$dretinf                            0x08006590   Section       12  dretinf.o(x$fpl$dretinf)
    $v0                                      0x08006590   Number         0  dretinf.o(x$fpl$dretinf)
    x$fpl$fpinit                             0x0800659c   Section       10  fpinit.o(x$fpl$fpinit)
    $v0                                      0x0800659c   Number         0  fpinit.o(x$fpl$fpinit)
    .constdata                               0x080065a6   Section       16  stm32f4xx_hal_rcc.o(.constdata)
    x$fpl$usenofp                            0x080065a6   Section        0  usenofp.o(x$fpl$usenofp)
    .constdata                               0x080065b8   Section        4  tos_global.o(.constdata)
    .constdata                               0x080065bc   Section        4  tos_global.o(.constdata)
    .constdata                               0x080065c0   Section       40  _printf_hex_int.o(.constdata)
    uc_hextab                                0x080065c0   Data          20  _printf_hex_int.o(.constdata)
    lc_hextab                                0x080065d4   Data          20  _printf_hex_int.o(.constdata)
    .data                                    0x20000000   Section       20  system_stm32f4xx.o(.data)
    .data                                    0x20000014   Section        4  stm32f4xx_hal.o(.data)
    uwTick                                   0x20000014   Data           4  stm32f4xx_hal.o(.data)
    .data                                    0x20000018   Section        4  delay.o(.data)
    fac_us                                   0x20000018   Data           4  delay.o(.data)
    .data                                    0x2000001c   Section        2  usart.o(.data)
    .data                                    0x20000020   Section        4  usart.o(.data)
    .data                                    0x20000024   Section        8  ltdc.o(.data)
    .data                                    0x2000002c   Section        1  tos_global.o(.data)
    .data                                    0x2000002d   Section        1  tos_global.o(.data)
    .data                                    0x2000002e   Section        1  tos_global.o(.data)
    .data                                    0x20000030   Section        8  tos_global.o(.data)
    .data                                    0x20000038   Section        4  tos_global.o(.data)
    .data                                    0x2000003c   Section        4  tos_global.o(.data)
    .data                                    0x20000040   Section        8  tos_global.o(.data)
    .data                                    0x20000048   Section        4  tos_global.o(.data)
    .data                                    0x2000004c   Section        8  tos_global.o(.data)
    .data                                    0x20000054   Section        4  tos_global.o(.data)
    .data                                    0x20000058   Section        1  tos_global.o(.data)
    .data                                    0x20000060   Section       16  tos_global.o(.data)
    .data                                    0x20000070   Section        8  tos_global.o(.data)
    .bss                                     0x20000078   Section      616  main.o(.bss)
    .bss                                     0x200002e0   Section      264  usart.o(.bss)
    .bss                                     0x200003e8   Section      200  ltdc.o(.bss)
    .bss                                     0x200004b0   Section       94  lcd.o(.bss)
    .bss                                     0x20000510   Section       88  tos_global.o(.bss)
    .bss                                     0x20000568   Section      104  tos_global.o(.bss)
    .bss                                     0x200005d0   Section       80  tos_global.o(.bss)
    .bss                                     0x20000620   Section    24576  tos_global.o(.bss)
    .bss                                     0x20006620   Section     3188  tos_global.o(.bss)
    .bss                                     0x20007294   Section      160  tos_global.o(.bss)
    .bss                                     0x20007334   Section       96  libspace.o(.bss)
    HEAP                                     0x20007398   Section      512  startup_stm32f429xx.o(HEAP)
    Heap_Mem                                 0x20007398   Data         512  startup_stm32f429xx.o(HEAP)
    STACK                                    0x20007598   Section     1024  startup_stm32f429xx.o(STACK)
    Stack_Mem                                0x20007598   Data        1024  startup_stm32f429xx.o(STACK)
    __initial_sp                             0x20007998   Data           0  startup_stm32f429xx.o(STACK)
    .ARM.__AT_0xC0000000                     0xc0000000   Section    2048000  ltdc.o(.ARM.__AT_0xC0000000)

    Global Symbols

    Symbol Name                              Value     Ov Type        Size  Object(Section)

    BuildAttributes$$THM_ISAv4$E$P$D$K$B$S$7EM$VFPi3$EXTD16$VFPS$VFMA$PE$A:L22UL41UL21$X:L11$S22US41US21$IEEE1$IW$USESV6$~STKCKD$USESV7$~SHL$OSPACE$ROPI$EBA8$UX$STANDARDLIB$REQ8$PRES8$EABIv2 0x00000000   Number         0  anon$$obj.o ABSOLUTE
    __ARM_use_no_argv                        0x00000000   Number         0  main.o ABSOLUTE
    __ARM_exceptions_init                     - Undefined Weak Reference
    __alloca_initialize                       - Undefined Weak Reference
    __arm_preinit_                            - Undefined Weak Reference
    __cpp_initialize__aeabi_                  - Undefined Weak Reference
    __cxa_finalize                            - Undefined Weak Reference
    __rt_locale                               - Undefined Weak Reference
    __sigvec_lookup                           - Undefined Weak Reference
    _atexit_init                              - Undefined Weak Reference
    _call_atexit_fns                          - Undefined Weak Reference
    _clock_init                               - Undefined Weak Reference
    _fp_trap_init                             - Undefined Weak Reference
    _fp_trap_shutdown                         - Undefined Weak Reference
    _get_lc_collate                           - Undefined Weak Reference
    _get_lc_ctype                             - Undefined Weak Reference
    _get_lc_monetary                          - Undefined Weak Reference
    _get_lc_numeric                           - Undefined Weak Reference
    _get_lc_time                              - Undefined Weak Reference
    _getenv_init                              - Undefined Weak Reference
    _handle_redirection                       - Undefined Weak Reference
    _init_alloc                               - Undefined Weak Reference
    _init_user_alloc                          - Undefined Weak Reference
    _initio                                   - Undefined Weak Reference
    _mutex_acquire                            - Undefined Weak Reference
    _mutex_release                            - Undefined Weak Reference
    _printf_mbtowc                            - Undefined Weak Reference
    _printf_post_padding                      - Undefined Weak Reference
    _printf_pre_padding                       - Undefined Weak Reference
    _printf_truncate_signed                   - Undefined Weak Reference
    _printf_truncate_unsigned                 - Undefined Weak Reference
    _rand_init                                - Undefined Weak Reference
    _signal_finish                            - Undefined Weak Reference
    _signal_init                              - Undefined Weak Reference
    _terminate_alloc                          - Undefined Weak Reference
    _terminate_user_alloc                     - Undefined Weak Reference
    _terminateio                              - Undefined Weak Reference
    __Vectors_Size                           0x000001ac   Number         0  startup_stm32f429xx.o ABSOLUTE
    __Vectors                                0x08000000   Data           4  startup_stm32f429xx.o(RESET)
    __Vectors_End                            0x080001ac   Data           0  startup_stm32f429xx.o(RESET)
    __main                                   0x080001ad   Thumb Code     8  __main.o(!!!main)
    __scatterload                            0x080001b5   Thumb Code     0  __scatter.o(!!!scatter)
    __scatterload_rt2                        0x080001b5   Thumb Code    44  __scatter.o(!!!scatter)
    __scatterload_rt2_thumb_only             0x080001b5   Thumb Code     0  __scatter.o(!!!scatter)
    __scatterload_null                       0x080001c3   Thumb Code     0  __scatter.o(!!!scatter)
    __scatterload_copy                       0x080001e9   Thumb Code    26  __scatter_copy.o(!!handler_copy)
    __scatterload_zeroinit                   0x08000205   Thumb Code    28  __scatter_zi.o(!!handler_zi)
    _printf_percent                          0x08000221   Thumb Code     0  _printf_percent.o(.ARM.Collect$$_printf_percent$$00000000)
    _printf_x                                0x08000221   Thumb Code     0  _printf_x.o(.ARM.Collect$$_printf_percent$$0000000C)
    _printf_percent_end                      0x08000227   Thumb Code     0  _printf_percent_end.o(.ARM.Collect$$_printf_percent$$00000017)
    __rt_lib_init                            0x0800022b   Thumb Code     0  libinit.o(.ARM.Collect$$libinit$$00000000)
    __rt_lib_init_fp_1                       0x0800022d   Thumb Code     0  libinit2.o(.ARM.Collect$$libinit$$00000001)
    __rt_lib_init_alloca_1                   0x08000231   Thumb Code     0  libinit2.o(.ARM.Collect$$libinit$$0000002E)
    __rt_lib_init_argv_1                     0x08000231   Thumb Code     0  libinit2.o(.ARM.Collect$$libinit$$0000002C)
    __rt_lib_init_atexit_1                   0x08000231   Thumb Code     0  libinit2.o(.ARM.Collect$$libinit$$0000001B)
    __rt_lib_init_clock_1                    0x08000231   Thumb Code     0  libinit2.o(.ARM.Collect$$libinit$$00000021)
    __rt_lib_init_cpp_1                      0x08000231   Thumb Code     0  libinit2.o(.ARM.Collect$$libinit$$00000032)
    __rt_lib_init_exceptions_1               0x08000231   Thumb Code     0  libinit2.o(.ARM.Collect$$libinit$$00000030)
    __rt_lib_init_fp_trap_1                  0x08000231   Thumb Code     0  libinit2.o(.ARM.Collect$$libinit$$0000001F)
    __rt_lib_init_getenv_1                   0x08000231   Thumb Code     0  libinit2.o(.ARM.Collect$$libinit$$00000023)
    __rt_lib_init_heap_1                     0x08000231   Thumb Code     0  libinit2.o(.ARM.Collect$$libinit$$0000000A)
    __rt_lib_init_lc_collate_1               0x08000231   Thumb Code     0  libinit2.o(.ARM.Collect$$libinit$$00000011)
    __rt_lib_init_lc_ctype_1                 0x08000231   Thumb Code     0  libinit2.o(.ARM.Collect$$libinit$$00000013)
    __rt_lib_init_lc_monetary_1              0x08000231   Thumb Code     0  libinit2.o(.ARM.Collect$$libinit$$00000015)
    __rt_lib_init_lc_numeric_1               0x08000231   Thumb Code     0  libinit2.o(.ARM.Collect$$libinit$$00000017)
    __rt_lib_init_lc_time_1                  0x08000231   Thumb Code     0  libinit2.o(.ARM.Collect$$libinit$$00000019)
    __rt_lib_init_preinit_1                  0x08000231   Thumb Code     0  libinit2.o(.ARM.Collect$$libinit$$00000004)
    __rt_lib_init_rand_1                     0x08000231   Thumb Code     0  libinit2.o(.ARM.Collect$$libinit$$0000000E)
    __rt_lib_init_return                     0x08000231   Thumb Code     0  libinit2.o(.ARM.Collect$$libinit$$00000033)
    __rt_lib_init_signal_1                   0x08000231   Thumb Code     0  libinit2.o(.ARM.Collect$$libinit$$0000001D)
    __rt_lib_init_stdio_1                    0x08000231   Thumb Code     0  libinit2.o(.ARM.Collect$$libinit$$00000025)
    __rt_lib_init_user_alloc_1               0x08000231   Thumb Code     0  libinit2.o(.ARM.Collect$$libinit$$0000000C)
    __rt_lib_shutdown                        0x08000233   Thumb Code     0  libshutdown.o(.ARM.Collect$$libshutdown$$00000000)
    __rt_lib_shutdown_cpp_1                  0x08000235   Thumb Code     0  libshutdown2.o(.ARM.Collect$$libshutdown$$00000002)
    __rt_lib_shutdown_fp_trap_1              0x08000235   Thumb Code     0  libshutdown2.o(.ARM.Collect$$libshutdown$$00000007)
    __rt_lib_shutdown_heap_1                 0x08000235   Thumb Code     0  libshutdown2.o(.ARM.Collect$$libshutdown$$0000000F)
    __rt_lib_shutdown_return                 0x08000235   Thumb Code     0  libshutdown2.o(.ARM.Collect$$libshutdown$$00000010)
    __rt_lib_shutdown_signal_1               0x08000235   Thumb Code     0  libshutdown2.o(.ARM.Collect$$libshutdown$$0000000A)
    __rt_lib_shutdown_stdio_1                0x08000235   Thumb Code     0  libshutdown2.o(.ARM.Collect$$libshutdown$$00000004)
    __rt_lib_shutdown_user_alloc_1           0x08000235   Thumb Code     0  libshutdown2.o(.ARM.Collect$$libshutdown$$0000000C)
    __rt_entry                               0x08000237   Thumb Code     0  __rtentry.o(.ARM.Collect$$rtentry$$00000000)
    __rt_entry_presh_1                       0x08000237   Thumb Code     0  __rtentry2.o(.ARM.Collect$$rtentry$$00000002)
    __rt_entry_sh                            0x08000237   Thumb Code     0  __rtentry4.o(.ARM.Collect$$rtentry$$00000004)
    __rt_entry_li                            0x0800023d   Thumb Code     0  __rtentry2.o(.ARM.Collect$$rtentry$$0000000A)
    __rt_entry_postsh_1                      0x0800023d   Thumb Code     0  __rtentry2.o(.ARM.Collect$$rtentry$$00000009)
    __rt_entry_main                          0x08000241   Thumb Code     0  __rtentry2.o(.ARM.Collect$$rtentry$$0000000D)
    __rt_entry_postli_1                      0x08000241   Thumb Code     0  __rtentry2.o(.ARM.Collect$$rtentry$$0000000C)
    __rt_exit                                0x08000249   Thumb Code     0  rtexit.o(.ARM.Collect$$rtexit$$00000000)
    __rt_exit_ls                             0x0800024b   Thumb Code     0  rtexit2.o(.ARM.Collect$$rtexit$$00000003)
    __rt_exit_prels_1                        0x0800024b   Thumb Code     0  rtexit2.o(.ARM.Collect$$rtexit$$00000002)
    __rt_exit_exit                           0x0800024f   Thumb Code     0  rtexit2.o(.ARM.Collect$$rtexit$$00000004)
    Reset_Handler                            0x08000255   Thumb Code     8  startup_stm32f429xx.o(.text)
    ADC_IRQHandler                           0x0800026f   Thumb Code     0  startup_stm32f429xx.o(.text)
    CAN1_RX0_IRQHandler                      0x0800026f   Thumb Code     0  startup_stm32f429xx.o(.text)
    CAN1_RX1_IRQHandler                      0x0800026f   Thumb Code     0  startup_stm32f429xx.o(.text)
    CAN1_SCE_IRQHandler                      0x0800026f   Thumb Code     0  startup_stm32f429xx.o(.text)
    CAN1_TX_IRQHandler                       0x0800026f   Thumb Code     0  startup_stm32f429xx.o(.text)
    CAN2_RX0_IRQHandler                      0x0800026f   Thumb Code     0  startup_stm32f429xx.o(.text)
    CAN2_RX1_IRQHandler                      0x0800026f   Thumb Code     0  startup_stm32f429xx.o(.text)
    CAN2_SCE_IRQHandler                      0x0800026f   Thumb Code     0  startup_stm32f429xx.o(.text)
    CAN2_TX_IRQHandler                       0x0800026f   Thumb Code     0  startup_stm32f429xx.o(.text)
    DCMI_IRQHandler                          0x0800026f   Thumb Code     0  startup_stm32f429xx.o(.text)
    DMA1_Stream0_IRQHandler                  0x0800026f   Thumb Code     0  startup_stm32f429xx.o(.text)
    DMA1_Stream1_IRQHandler                  0x0800026f   Thumb Code     0  startup_stm32f429xx.o(.text)
    DMA1_Stream2_IRQHandler                  0x0800026f   Thumb Code     0  startup_stm32f429xx.o(.text)
    DMA1_Stream3_IRQHandler                  0x0800026f   Thumb Code     0  startup_stm32f429xx.o(.text)
    DMA1_Stream4_IRQHandler                  0x0800026f   Thumb Code     0  startup_stm32f429xx.o(.text)
    DMA1_Stream5_IRQHandler                  0x0800026f   Thumb Code     0  startup_stm32f429xx.o(.text)
    DMA1_Stream6_IRQHandler                  0x0800026f   Thumb Code     0  startup_stm32f429xx.o(.text)
    DMA1_Stream7_IRQHandler                  0x0800026f   Thumb Code     0  startup_stm32f429xx.o(.text)
    DMA2D_IRQHandler                         0x0800026f   Thumb Code     0  startup_stm32f429xx.o(.text)
    DMA2_Stream0_IRQHandler                  0x0800026f   Thumb Code     0  startup_stm32f429xx.o(.text)
    DMA2_Stream1_IRQHandler                  0x0800026f   Thumb Code     0  startup_stm32f429xx.o(.text)
    DMA2_Stream2_IRQHandler                  0x0800026f   Thumb Code     0  startup_stm32f429xx.o(.text)
    DMA2_Stream3_IRQHandler                  0x0800026f   Thumb Code     0  startup_stm32f429xx.o(.text)
    DMA2_Stream4_IRQHandler                  0x0800026f   Thumb Code     0  startup_stm32f429xx.o(.text)
    DMA2_Stream5_IRQHandler                  0x0800026f   Thumb Code     0  startup_stm32f429xx.o(.text)
    DMA2_Stream6_IRQHandler                  0x0800026f   Thumb Code     0  startup_stm32f429xx.o(.text)
    DMA2_Stream7_IRQHandler                  0x0800026f   Thumb Code     0  startup_stm32f429xx.o(.text)
    ETH_IRQHandler                           0x0800026f   Thumb Code     0  startup_stm32f429xx.o(.text)
    ETH_WKUP_IRQHandler                      0x0800026f   Thumb Code     0  startup_stm32f429xx.o(.text)
    EXTI0_IRQHandler                         0x0800026f   Thumb Code     0  startup_stm32f429xx.o(.text)
    EXTI15_10_IRQHandler                     0x0800026f   Thumb Code     0  startup_stm32f429xx.o(.text)
    EXTI1_IRQHandler                         0x0800026f   Thumb Code     0  startup_stm32f429xx.o(.text)
    EXTI2_IRQHandler                         0x0800026f   Thumb Code     0  startup_stm32f429xx.o(.text)
    EXTI3_IRQHandler                         0x0800026f   Thumb Code     0  startup_stm32f429xx.o(.text)
    EXTI4_IRQHandler                         0x0800026f   Thumb Code     0  startup_stm32f429xx.o(.text)
    EXTI9_5_IRQHandler                       0x0800026f   Thumb Code     0  startup_stm32f429xx.o(.text)
    FLASH_IRQHandler                         0x0800026f   Thumb Code     0  startup_stm32f429xx.o(.text)
    FMC_IRQHandler                           0x0800026f   Thumb Code     0  startup_stm32f429xx.o(.text)
    FPU_IRQHandler                           0x0800026f   Thumb Code     0  startup_stm32f429xx.o(.text)
    HASH_RNG_IRQHandler                      0x0800026f   Thumb Code     0  startup_stm32f429xx.o(.text)
    I2C1_ER_IRQHandler                       0x0800026f   Thumb Code     0  startup_stm32f429xx.o(.text)
    I2C1_EV_IRQHandler                       0x0800026f   Thumb Code     0  startup_stm32f429xx.o(.text)
    I2C2_ER_IRQHandler                       0x0800026f   Thumb Code     0  startup_stm32f429xx.o(.text)
    I2C2_EV_IRQHandler                       0x0800026f   Thumb Code     0  startup_stm32f429xx.o(.text)
    I2C3_ER_IRQHandler                       0x0800026f   Thumb Code     0  startup_stm32f429xx.o(.text)
    I2C3_EV_IRQHandler                       0x0800026f   Thumb Code     0  startup_stm32f429xx.o(.text)
    LTDC_ER_IRQHandler                       0x0800026f   Thumb Code     0  startup_stm32f429xx.o(.text)
    LTDC_IRQHandler                          0x0800026f   Thumb Code     0  startup_stm32f429xx.o(.text)
    OTG_FS_IRQHandler                        0x0800026f   Thumb Code     0  startup_stm32f429xx.o(.text)
    OTG_FS_WKUP_IRQHandler                   0x0800026f   Thumb Code     0  startup_stm32f429xx.o(.text)
    OTG_HS_EP1_IN_IRQHandler                 0x0800026f   Thumb Code     0  startup_stm32f429xx.o(.text)
    OTG_HS_EP1_OUT_IRQHandler                0x0800026f   Thumb Code     0  startup_stm32f429xx.o(.text)
    OTG_HS_IRQHandler                        0x0800026f   Thumb Code     0  startup_stm32f429xx.o(.text)
    OTG_HS_WKUP_IRQHandler                   0x0800026f   Thumb Code     0  startup_stm32f429xx.o(.text)
    PVD_IRQHandler                           0x0800026f   Thumb Code     0  startup_stm32f429xx.o(.text)
    RCC_IRQHandler                           0x0800026f   Thumb Code     0  startup_stm32f429xx.o(.text)
    RTC_Alarm_IRQHandler                     0x0800026f   Thumb Code     0  startup_stm32f429xx.o(.text)
    RTC_WKUP_IRQHandler                      0x0800026f   Thumb Code     0  startup_stm32f429xx.o(.text)
    SAI1_IRQHandler                          0x0800026f   Thumb Code     0  startup_stm32f429xx.o(.text)
    SDIO_IRQHandler                          0x0800026f   Thumb Code     0  startup_stm32f429xx.o(.text)
    SPI1_IRQHandler                          0x0800026f   Thumb Code     0  startup_stm32f429xx.o(.text)
    SPI2_IRQHandler                          0x0800026f   Thumb Code     0  startup_stm32f429xx.o(.text)
    SPI3_IRQHandler                          0x0800026f   Thumb Code     0  startup_stm32f429xx.o(.text)
    SPI4_IRQHandler                          0x0800026f   Thumb Code     0  startup_stm32f429xx.o(.text)
    SPI5_IRQHandler                          0x0800026f   Thumb Code     0  startup_stm32f429xx.o(.text)
    SPI6_IRQHandler                          0x0800026f   Thumb Code     0  startup_stm32f429xx.o(.text)
    TAMP_STAMP_IRQHandler                    0x0800026f   Thumb Code     0  startup_stm32f429xx.o(.text)
    TIM1_BRK_TIM9_IRQHandler                 0x0800026f   Thumb Code     0  startup_stm32f429xx.o(.text)
    TIM1_CC_IRQHandler                       0x0800026f   Thumb Code     0  startup_stm32f429xx.o(.text)
    TIM1_TRG_COM_TIM11_IRQHandler            0x0800026f   Thumb Code     0  startup_stm32f429xx.o(.text)
    TIM1_UP_TIM10_IRQHandler                 0x0800026f   Thumb Code     0  startup_stm32f429xx.o(.text)
    TIM2_IRQHandler                          0x0800026f   Thumb Code     0  startup_stm32f429xx.o(.text)
    TIM3_IRQHandler                          0x0800026f   Thumb Code     0  startup_stm32f429xx.o(.text)
    TIM4_IRQHandler                          0x0800026f   Thumb Code     0  startup_stm32f429xx.o(.text)
    TIM5_IRQHandler                          0x0800026f   Thumb Code     0  startup_stm32f429xx.o(.text)
    TIM6_DAC_IRQHandler                      0x0800026f   Thumb Code     0  startup_stm32f429xx.o(.text)
    TIM7_IRQHandler                          0x0800026f   Thumb Code     0  startup_stm32f429xx.o(.text)
    TIM8_BRK_TIM12_IRQHandler                0x0800026f   Thumb Code     0  startup_stm32f429xx.o(.text)
    TIM8_CC_IRQHandler                       0x0800026f   Thumb Code     0  startup_stm32f429xx.o(.text)
    TIM8_TRG_COM_TIM14_IRQHandler            0x0800026f   Thumb Code     0  startup_stm32f429xx.o(.text)
    TIM8_UP_TIM13_IRQHandler                 0x0800026f   Thumb Code     0  startup_stm32f429xx.o(.text)
    UART4_IRQHandler                         0x0800026f   Thumb Code     0  startup_stm32f429xx.o(.text)
    UART5_IRQHandler                         0x0800026f   Thumb Code     0  startup_stm32f429xx.o(.text)
    UART7_IRQHandler                         0x0800026f   Thumb Code     0  startup_stm32f429xx.o(.text)
    UART8_IRQHandler                         0x0800026f   Thumb Code     0  startup_stm32f429xx.o(.text)
    USART2_IRQHandler                        0x0800026f   Thumb Code     0  startup_stm32f429xx.o(.text)
    USART3_IRQHandler                        0x0800026f   Thumb Code     0  startup_stm32f429xx.o(.text)
    USART6_IRQHandler                        0x0800026f   Thumb Code     0  startup_stm32f429xx.o(.text)
    WWDG_IRQHandler                          0x0800026f   Thumb Code     0  startup_stm32f429xx.o(.text)
    __user_initial_stackheap                 0x08000271   Thumb Code     0  startup_stm32f429xx.o(.text)
    port_int_disable                         0x08000295   Thumb Code     0  port_s.o(.text)
    port_int_enable                          0x08000299   Thumb Code     0  port_s.o(.text)
    port_cpsr_save                           0x0800029d   Thumb Code     0  port_s.o(.text)
    port_cpsr_restore                        0x080002a5   Thumb Code     0  port_s.o(.text)
    port_clz                                 0x080002ab   Thumb Code     0  port_s.o(.text)
    port_sched_start                         0x080002b1   Thumb Code     0  port_s.o(.text)
    port_context_switch                      0x0800030b   Thumb Code     0  port_s.o(.text)
    port_irq_context_switch                  0x08000315   Thumb Code     0  port_s.o(.text)
    PendSV_Handler                           0x0800031f   Thumb Code     0  port_s.o(.text)
    __use_no_semihosting                     0x08000375   Thumb Code     2  use_no_semi_2.o(.text)
    __aeabi_uldivmod                         0x08000377   Thumb Code     0  lludivv7m.o(.text)
    _ll_udiv                                 0x08000377   Thumb Code   238  lludivv7m.o(.text)
    __2printf                                0x08000465   Thumb Code    20  noretval__2printf.o(.text)
    __printf                                 0x0800047d   Thumb Code   104  __printf.o(.text)
    _printf_int_hex                          0x080004e5   Thumb Code    84  _printf_hex_int.o(.text)
    _printf_longlong_hex                     0x080004e5   Thumb Code     0  _printf_hex_int.o(.text)
    __aeabi_memcpy                           0x0800053d   Thumb Code     0  rt_memcpy_v6.o(.text)
    __rt_memcpy                              0x0800053d   Thumb Code   138  rt_memcpy_v6.o(.text)
    _memcpy_lastbytes                        0x080005a3   Thumb Code     0  rt_memcpy_v6.o(.text)
    __aeabi_memcpy4                          0x080005c7   Thumb Code     0  rt_memcpy_w.o(.text)
    __aeabi_memcpy8                          0x080005c7   Thumb Code     0  rt_memcpy_w.o(.text)
    __rt_memcpy_w                            0x080005c7   Thumb Code   100  rt_memcpy_w.o(.text)
    _memcpy_lastbytes_aligned                0x0800060f   Thumb Code     0  rt_memcpy_w.o(.text)
    __use_two_region_memory                  0x0800062b   Thumb Code     2  heapauxi.o(.text)
    __rt_heap_escrow$2region                 0x0800062d   Thumb Code     2  heapauxi.o(.text)
    __rt_heap_expand$2region                 0x0800062f   Thumb Code     2  heapauxi.o(.text)
    __I$use$semihosting                      0x08000631   Thumb Code     0  use_no_semi.o(.text)
    __use_no_semihosting_swi                 0x08000631   Thumb Code     2  use_no_semi.o(.text)
    _printf_int_common                       0x08000633   Thumb Code   178  _printf_intcommon.o(.text)
    _printf_char_file                        0x080006e5   Thumb Code    32  _printf_char_file.o(.text)
    _printf_char_common                      0x08000713   Thumb Code    32  _printf_char_common.o(.text)
    ferror                                   0x08000739   Thumb Code     8  ferror.o(.text)
    __user_setup_stackheap                   0x08000741   Thumb Code    74  sys_stackheap_outer.o(.text)
    exit                                     0x0800078b   Thumb Code    18  exit.o(.text)
    __user_libspace                          0x0800079d   Thumb Code     8  libspace.o(.text)
    __user_perproc_libspace                  0x0800079d   Thumb Code     0  libspace.o(.text)
    __user_perthread_libspace                0x0800079d   Thumb Code     0  libspace.o(.text)
    BusFault_Handler                         0x080007a5   Thumb Code     2  stm32f4xx_it.o(i.BusFault_Handler)
    DebugMon_Handler                         0x080007a7   Thumb Code     2  stm32f4xx_it.o(i.DebugMon_Handler)
    FMC_NORSRAM_Extended_Timing_Init         0x080007a9   Thumb Code    60  stm32f4xx_ll_fmc.o(i.FMC_NORSRAM_Extended_Timing_Init)
    FMC_NORSRAM_Init                         0x080007e9   Thumb Code   110  stm32f4xx_ll_fmc.o(i.FMC_NORSRAM_Init)
    FMC_NORSRAM_Timing_Init                  0x08000861   Thumb Code    86  stm32f4xx_ll_fmc.o(i.FMC_NORSRAM_Timing_Init)
    HAL_GPIO_Init                            0x080008bd   Thumb Code   422  stm32f4xx_hal_gpio.o(i.HAL_GPIO_Init)
    HAL_GPIO_ReadPin                         0x08000a99   Thumb Code    10  stm32f4xx_hal_gpio.o(i.HAL_GPIO_ReadPin)
    HAL_GPIO_WritePin                        0x08000aa3   Thumb Code    10  stm32f4xx_hal_gpio.o(i.HAL_GPIO_WritePin)
    HAL_GetTick                              0x08000aad   Thumb Code     6  stm32f4xx_hal.o(i.HAL_GetTick)
    HAL_IncTick                              0x08000ab9   Thumb Code    10  stm32f4xx_hal.o(i.HAL_IncTick)
    HAL_Init                                 0x08000ac9   Thumb Code    48  stm32f4xx_hal.o(i.HAL_Init)
    HAL_InitTick                             0x08000afd   Thumb Code    34  stm32f4xx_hal.o(i.HAL_InitTick)
    HAL_LTDC_ConfigLayer                     0x08000b1f   Thumb Code    82  stm32f4xx_hal_ltdc.o(i.HAL_LTDC_ConfigLayer)
    HAL_LTDC_Init                            0x08000b71   Thumb Code   248  stm32f4xx_hal_ltdc.o(i.HAL_LTDC_Init)
    HAL_LTDC_MspInit                         0x08000c6d   Thumb Code   218  ltdc.o(i.HAL_LTDC_MspInit)
    HAL_LTDC_SetWindowPosition               0x08000d61   Thumb Code    84  stm32f4xx_hal_ltdc.o(i.HAL_LTDC_SetWindowPosition)
    HAL_LTDC_SetWindowSize                   0x08000db5   Thumb Code    84  stm32f4xx_hal_ltdc.o(i.HAL_LTDC_SetWindowSize)
    HAL_MspInit                              0x08000e09   Thumb Code     8  stm32f4xx_hal.o(i.HAL_MspInit)
    HAL_NVIC_EnableIRQ                       0x08000e11   Thumb Code    22  stm32f4xx_hal_cortex.o(i.HAL_NVIC_EnableIRQ)
    HAL_NVIC_SetPriority                     0x08000e29   Thumb Code    60  stm32f4xx_hal_cortex.o(i.HAL_NVIC_SetPriority)
    HAL_NVIC_SetPriorityGrouping             0x08000e69   Thumb Code    26  stm32f4xx_hal_cortex.o(i.HAL_NVIC_SetPriorityGrouping)
    HAL_PWREx_EnableOverDrive                0x08000e8d   Thumb Code   122  stm32f4xx_hal_pwr_ex.o(i.HAL_PWREx_EnableOverDrive)
    HAL_RCCEx_PeriphCLKConfig                0x08000f15   Thumb Code   644  stm32f4xx_hal_rcc_ex.o(i.HAL_RCCEx_PeriphCLKConfig)
    HAL_RCC_ClockConfig                      0x080011bd   Thumb Code   512  stm32f4xx_hal_rcc.o(i.HAL_RCC_ClockConfig)
    HAL_RCC_GetHCLKFreq                      0x080013c5   Thumb Code    38  stm32f4xx_hal_rcc.o(i.HAL_RCC_GetHCLKFreq)
    HAL_RCC_GetPCLK1Freq                     0x080013f9   Thumb Code    36  stm32f4xx_hal_rcc.o(i.HAL_RCC_GetPCLK1Freq)
    HAL_RCC_GetPCLK2Freq                     0x08001425   Thumb Code    36  stm32f4xx_hal_rcc.o(i.HAL_RCC_GetPCLK2Freq)
    HAL_RCC_GetSysClockFreq                  0x08001451   Thumb Code   104  stm32f4xx_hal_rcc.o(i.HAL_RCC_GetSysClockFreq)
    HAL_RCC_OscConfig                        0x080014c5   Thumb Code   774  stm32f4xx_hal_rcc.o(i.HAL_RCC_OscConfig)
    HAL_SRAM_Init                            0x080017e1   Thumb Code    86  stm32f4xx_hal_sram.o(i.HAL_SRAM_Init)
    HAL_SRAM_MspInit                         0x08001839   Thumb Code   106  lcd.o(i.HAL_SRAM_MspInit)
    HAL_SYSTICK_CLKSourceConfig              0x080018b1   Thumb Code    24  stm32f4xx_hal_cortex.o(i.HAL_SYSTICK_CLKSourceConfig)
    HAL_SYSTICK_Config                       0x080018c9   Thumb Code    40  stm32f4xx_hal_cortex.o(i.HAL_SYSTICK_Config)
    HAL_UART_ErrorCallback                   0x080018f1   Thumb Code     2  stm32f4xx_hal_uart.o(i.HAL_UART_ErrorCallback)
    HAL_UART_IRQHandler                      0x080018f3   Thumb Code   244  stm32f4xx_hal_uart.o(i.HAL_UART_IRQHandler)
    HAL_UART_Init                            0x080019e7   Thumb Code    94  stm32f4xx_hal_uart.o(i.HAL_UART_Init)
    HAL_UART_MspInit                         0x08001a45   Thumb Code   134  usart.o(i.HAL_UART_MspInit)
    HAL_UART_Receive                         0x08001ad9   Thumb Code   202  stm32f4xx_hal_uart.o(i.HAL_UART_Receive)
    HAL_UART_RxCpltCallback                  0x08001ba3   Thumb Code     2  stm32f4xx_hal_uart.o(i.HAL_UART_RxCpltCallback)
    HAL_UART_TxCpltCallback                  0x08001ba5   Thumb Code     2  stm32f4xx_hal_uart.o(i.HAL_UART_TxCpltCallback)
    HardFault_Handler                        0x08001ba7   Thumb Code     2  stm32f4xx_it.o(i.HardFault_Handler)
    KEY_Init                                 0x08001ba9   Thumb Code   110  key.o(i.KEY_Init)
    LCD_Clear                                0x08001c29   Thumb Code    58  lcd.o(i.LCD_Clear)
    LCD_Display_Dir                          0x08001c71   Thumb Code   234  lcd.o(i.LCD_Display_Dir)
    LCD_Init                                 0x08001d65   Thumb Code  9094  lcd.o(i.LCD_Init)
    LCD_RD_DATA                              0x080040f1   Thumb Code    16  lcd.o(i.LCD_RD_DATA)
    LCD_SSD_BackLightSet                     0x08004105   Thumb Code    72  lcd.o(i.LCD_SSD_BackLightSet)
    LCD_Scan_Dir                             0x08004155   Thumb Code   434  lcd.o(i.LCD_Scan_Dir)
    LCD_SetCursor                            0x0800430d   Thumb Code   254  lcd.o(i.LCD_SetCursor)
    LCD_WR_DATA                              0x08004411   Thumb Code    20  lcd.o(i.LCD_WR_DATA)
    LCD_WR_REG                               0x08004429   Thumb Code    20  lcd.o(i.LCD_WR_REG)
    LCD_WriteRAM_Prepare                     0x08004441   Thumb Code    10  lcd.o(i.LCD_WriteRAM_Prepare)
    LCD_WriteReg                             0x08004455   Thumb Code    10  lcd.o(i.LCD_WriteReg)
    LED_Init                                 0x08004465   Thumb Code    68  led.o(i.LED_Init)
    LTDC_Clear                               0x080044b1   Thumb Code    28  ltdc.o(i.LTDC_Clear)
    LTDC_Clk_Set                             0x080044d1   Thumb Code    30  ltdc.o(i.LTDC_Clk_Set)
    LTDC_Display_Dir                         0x080044f1   Thumb Code    34  ltdc.o(i.LTDC_Display_Dir)
    LTDC_Fill                                0x08004519   Thumb Code   162  ltdc.o(i.LTDC_Fill)
    LTDC_Init                                0x080045cd   Thumb Code   464  ltdc.o(i.LTDC_Init)
    LTDC_Layer_Parameter_Config              0x080047b5   Thumb Code    86  ltdc.o(i.LTDC_Layer_Parameter_Config)
    LTDC_Layer_Window_Config                 0x08004811   Thumb Code    32  ltdc.o(i.LTDC_Layer_Window_Config)
    LTDC_PanelID_Read                        0x08004835   Thumb Code   170  ltdc.o(i.LTDC_PanelID_Read)
    MemManage_Handler                        0x08004a4f   Thumb Code     2  stm32f4xx_it.o(i.MemManage_Handler)
    NMI_Handler                              0x08004a51   Thumb Code     2  stm32f4xx_it.o(i.NMI_Handler)
    SVC_Handler                              0x08004a93   Thumb Code     2  stm32f4xx_it.o(i.SVC_Handler)
    Stm32_Clock_Init                         0x08004a95   Thumb Code   122  sys.o(i.Stm32_Clock_Init)
    SysTick_Handler                          0x08004b19   Thumb Code    22  stm32f4xx_it.o(i.SysTick_Handler)
    SystemInit                               0x08004b31   Thumb Code    66  system_stm32f4xx.o(i.SystemInit)
    USART1_IRQHandler                        0x08004e99   Thumb Code   100  usart.o(i.USART1_IRQHandler)
    UsageFault_Handler                       0x08004f05   Thumb Code     2  stm32f4xx_it.o(i.UsageFault_Handler)
    _sys_exit                                0x08004f35   Thumb Code     2  usart.o(i._sys_exit)
    cpu_context_switch                       0x0800516b   Thumb Code     4  tos_cpu.o(i.cpu_context_switch)
    cpu_init                                 0x08005171   Thumb Code    30  tos_cpu.o(i.cpu_init)
    cpu_irq_context_switch                   0x0800519d   Thumb Code     4  tos_cpu.o(i.cpu_irq_context_switch)
    cpu_sched_start                          0x080051a1   Thumb Code     4  tos_cpu.o(i.cpu_sched_start)
    cpu_systick_init                         0x080051a5   Thumb Code    20  tos_cpu.o(i.cpu_systick_init)
    cpu_task_stk_init                        0x080051b9   Thumb Code   146  tos_cpu.o(i.cpu_task_stk_init)
    delay_init                               0x0800524d   Thumb Code    16  delay.o(i.delay_init)
    delay_ms                                 0x08005261   Thumb Code    26  delay.o(i.delay_ms)
    delay_us                                 0x0800527d   Thumb Code    48  delay.o(i.delay_us)
    entry_task_demo                          0x080052b1   Thumb Code   160  main.o(i.entry_task_demo)
    fputc                                    0x080053b5   Thumb Code    14  usart.o(i.fputc)
    knl_idle_init                            0x080053d9   Thumb Code    32  tos_sys.o(i.knl_idle_init)
    knl_is_idle                              0x08005411   Thumb Code    14  tos_sys.o(i.knl_is_idle)
    knl_is_inirq                             0x08005425   Thumb Code    12  tos_sys.o(i.knl_is_inirq)
    knl_is_sched_locked                      0x08005435   Thumb Code    12  tos_sys.o(i.knl_is_sched_locked)
    knl_is_self                              0x08005445   Thumb Code    16  tos_sys.o(i.knl_is_self)
    knl_sched                                0x08005459   Thumb Code    56  tos_sys.o(i.knl_sched)
    main                                     0x08005495   Thumb Code    80  main.o(i.main)
    mmheap_init                              0x08005535   Thumb Code    50  tos_mmheap.o(i.mmheap_init)
    msgpool_init                             0x0800556d   Thumb Code    28  tos_msg.o(i.msgpool_init)
    mutex_release                            0x080055cb   Thumb Code    20  tos_mutex.o(i.mutex_release)
    pend_highest_prio_get                    0x080055df   Thumb Code    30  tos_pend.o(i.pend_highest_prio_get)
    pend_list_adjust                         0x08005631   Thumb Code    14  tos_pend.o(i.pend_list_adjust)
    pend_list_remove                         0x0800563f   Thumb Code    22  tos_pend.o(i.pend_list_remove)
    pend_task_wakeup                         0x08005655   Thumb Code    56  tos_pend.o(i.pend_task_wakeup)
    pend_wakeup_all                          0x0800568d   Thumb Code    32  tos_pend.o(i.pend_wakeup_all)
    port_systick_config                      0x080056ad   Thumb Code    34  port_c.o(i.port_systick_config)
    port_systick_priority_set                0x080056cf   Thumb Code    10  port_c.o(i.port_systick_priority_set)
    readyqueue_add                           0x080056d9   Thumb Code    20  tos_sched.o(i.readyqueue_add)
    readyqueue_add_head                      0x080056f1   Thumb Code    42  tos_sched.o(i.readyqueue_add_head)
    readyqueue_add_tail                      0x08005721   Thumb Code    40  tos_sched.o(i.readyqueue_add_tail)
    readyqueue_first_task_get                0x0800574d   Thumb Code    26  tos_sched.o(i.readyqueue_first_task_get)
    readyqueue_highest_ready_task_get        0x0800576d   Thumb Code    14  tos_sched.o(i.readyqueue_highest_ready_task_get)
    readyqueue_init                          0x08005781   Thumb Code    46  tos_sched.o(i.readyqueue_init)
    readyqueue_is_prio_onlyone               0x080057b5   Thumb Code    22  tos_sched.o(i.readyqueue_is_prio_onlyone)
    readyqueue_move_head_to_tail             0x080057d1   Thumb Code    40  tos_sched.o(i.readyqueue_move_head_to_tail)
    readyqueue_remove                        0x0800582d   Thumb Code    92  tos_sched.o(i.readyqueue_remove)
    robin_sched                              0x080058cd   Thumb Code   110  tos_robin.o(i.robin_sched)
    tick_list_add                            0x08005981   Thumb Code    48  tos_tick.o(i.tick_list_add)
    tick_list_remove                         0x080059b1   Thumb Code   114  tos_tick.o(i.tick_list_remove)
    tick_update                              0x08005aa5   Thumb Code   110  tos_tick.o(i.tick_update)
    timer_init                               0x08005b1d   Thumb Code     4  tos_timer.o(i.timer_init)
    timer_update                             0x08005be1   Thumb Code   114  tos_timer.o(i.timer_update)
    tos_cpu_clz                              0x08005c5d   Thumb Code     4  tos_cpu.o(i.tos_cpu_clz)
    tos_cpu_cpsr_restore                     0x08005c61   Thumb Code     4  tos_cpu.o(i.tos_cpu_cpsr_restore)
    tos_cpu_cpsr_save                        0x08005c65   Thumb Code     4  tos_cpu.o(i.tos_cpu_cpsr_save)
    tos_knl_init                             0x08005c69   Thumb Code    42  tos_sys.o(i.tos_knl_init)
    tos_knl_irq_enter                        0x08005c99   Thumb Code    24  tos_sys.o(i.tos_knl_irq_enter)
    tos_knl_irq_leave                        0x08005cb5   Thumb Code    74  tos_sys.o(i.tos_knl_irq_leave)
    tos_knl_is_running                       0x08005d09   Thumb Code    12  tos_sys.o(i.tos_knl_is_running)
    tos_knl_sched_lock                       0x08005d19   Thumb Code    58  tos_sys.o(i.tos_knl_sched_lock)
    tos_knl_sched_unlock                     0x08005d59   Thumb Code    62  tos_sys.o(i.tos_knl_sched_unlock)
    tos_knl_start                            0x08005d9d   Thumb Code    40  tos_sys.o(i.tos_knl_start)
    tos_mmheap_aligned_alloc                 0x08005e19   Thumb Code   148  tos_mmheap.o(i.tos_mmheap_aligned_alloc)
    tos_mmheap_alloc                         0x08005ead   Thumb Code    30  tos_mmheap.o(i.tos_mmheap_alloc)
    tos_mmheap_free                          0x08005ecb   Thumb Code    58  tos_mmheap.o(i.tos_mmheap_free)
    tos_mmheap_pool_add                      0x08005f05   Thumb Code    78  tos_mmheap.o(i.tos_mmheap_pool_add)
    tos_mmheap_realloc                       0x08005f59   Thumb Code   190  tos_mmheap.o(i.tos_mmheap_realloc)
    tos_task_create                          0x08006019   Thumb Code   176  tos_task.o(i.tos_task_create)
    tos_task_delay                           0x080060d1   Thumb Code    92  tos_task.o(i.tos_task_delay)
    tos_task_destroy                         0x08006131   Thumb Code   174  tos_task.o(i.tos_task_destroy)
    tos_task_prio_change                     0x080061e5   Thumb Code   184  tos_task.o(i.tos_task_prio_change)
    tos_task_yield                           0x0800629d   Thumb Code    46  tos_task.o(i.tos_task_yield)
    tos_tick_handler                         0x080062d1   Thumb Code    38  tos_tick.o(i.tos_tick_handler)
    uart_init                                0x080062fd   Thumb Code    28  usart.o(i.uart_init)
    __aeabi_d2uiz                            0x08006321   Thumb Code     0  dfixu.o(x$fpl$dfixu)
    _dfixu                                   0x08006321   Thumb Code    90  dfixu.o(x$fpl$dfixu)
    __aeabi_ui2d                             0x0800637b   Thumb Code     0  dflt_clz.o(x$fpl$dfltu)
    _dfltu                                   0x0800637b   Thumb Code    38  dflt_clz.o(x$fpl$dfltu)
    __aeabi_dmul                             0x080063a1   Thumb Code     0  dmul.o(x$fpl$dmul)
    _dmul                                    0x080063a1   Thumb Code   332  dmul.o(x$fpl$dmul)
    __fpl_dnaninf                            0x080064f5   Thumb Code   156  dnaninf.o(x$fpl$dnaninf)
    __fpl_dretinf                            0x08006591   Thumb Code    12  dretinf.o(x$fpl$dretinf)
    _fp_init                                 0x0800659d   Thumb Code    10  fpinit.o(x$fpl$fpinit)
    __fplib_config_fpu_vfp                   0x080065a5   Thumb Code     0  fpinit.o(x$fpl$fpinit)
    __fplib_config_pureend_doubles           0x080065a5   Thumb Code     0  fpinit.o(x$fpl$fpinit)
    APBAHBPrescTable                         0x080065a6   Data          16  stm32f4xx_hal_rcc.o(.constdata)
    __I$use$fp                               0x080065a6   Number         0  usenofp.o(x$fpl$usenofp)
    k_idle_task_stk_addr                     0x080065b8   Data           4  tos_global.o(.constdata)
    k_idle_task_stk_size                     0x080065bc   Data           4  tos_global.o(.constdata)
    Region$$Table$$Base                      0x080065e8   Number         0  anon$$obj.o(Region$$Table)
    Region$$Table$$Limit                     0x08006608   Number         0  anon$$obj.o(Region$$Table)
    SystemCoreClock                          0x20000000   Data           4  system_stm32f4xx.o(.data)
    AHBPrescTable                            0x20000004   Data          16  system_stm32f4xx.o(.data)
    USART_RX_STA                             0x2000001c   Data           2  usart.o(.data)
    __stdout                                 0x20000020   Data           4  usart.o(.data)
    ltdc_framebuf                            0x20000024   Data           8  ltdc.o(.data)
    k_irq_nest_cnt                           0x2000002c   Data           1  tos_global.o(.data)
    k_sched_lock_nest_cnt                    0x2000002d   Data           1  tos_global.o(.data)
    k_knl_state                              0x2000002e   Data           1  tos_global.o(.data)
    k_tick_count                             0x20000030   Data           8  tos_global.o(.data)
    k_curr_task                              0x20000038   Data           4  tos_global.o(.data)
    k_next_task                              0x2000003c   Data           4  tos_global.o(.data)
    k_cpu_tick_per_second                    0x20000040   Data           8  tos_global.o(.data)
    k_cpu_cycle_per_tick                     0x20000048   Data           4  tos_global.o(.data)
    k_tick_list                              0x2000004c   Data           8  tos_global.o(.data)
    k_robin_default_timeslice                0x20000054   Data           4  tos_global.o(.data)
    k_robin_state                            0x20000058   Data           1  tos_global.o(.data)
    k_timer_ctl                              0x20000060   Data          16  tos_global.o(.data)
    k_msg_freelist                           0x20000070   Data           8  tos_global.o(.data)
    stack_task_demo                          0x20000078   Data         512  main.o(.bss)
    task_demo                                0x20000278   Data         104  main.o(.bss)
    USART_RX_BUF                             0x200002e0   Data         200  usart.o(.bss)
    UART1_Handler                            0x200003a8   Data          64  usart.o(.bss)
    LTDC_Handler                             0x200003e8   Data         168  ltdc.o(.bss)
    lcdltdc                                  0x20000490   Data          32  ltdc.o(.bss)
    SRAM_Handler                             0x200004b0   Data          80  lcd.o(.bss)
    lcddev                                   0x20000500   Data          14  lcd.o(.bss)
    k_rdyq                                   0x20000510   Data          88  tos_global.o(.bss)
    k_idle_task                              0x20000568   Data         104  tos_global.o(.bss)
    k_idle_task_stk                          0x200005d0   Data          80  tos_global.o(.bss)
    k_mmheap_pool                            0x20000620   Data       24576  tos_global.o(.bss)
    k_mmheap_ctl                             0x20006620   Data        3188  tos_global.o(.bss)
    k_msg_pool                               0x20007294   Data         160  tos_global.o(.bss)
    __libspace_start                         0x20007334   Data          96  libspace.o(.bss)
    __temporary_stack_top$libspace           0x20007394   Data           0  libspace.o(.bss)
    ltdc_lcd_framebuf                        0xc0000000   Data       2048000  ltdc.o(.ARM.__AT_0xC0000000)



==============================================================================

Memory Map of the image

  Image Entry point : 0x080001ad

  Load Region LR_IROM1 (Base: 0x08000000, Size: 0x00006680, Max: 0x00100000, ABSOLUTE)

    Execution Region ER_IROM1 (Base: 0x08000000, Size: 0x00006608, Max: 0x00100000, ABSOLUTE)

    Base Addr    Size         Type   Attr      Idx    E Section Name        Object

    0x08000000   0x000001ac   Data   RO          608    RESET               startup_stm32f429xx.o
    0x080001ac   0x00000008   Code   RO         6319  * !!!main             c_w.l(__main.o)
    0x080001b4   0x00000034   Code   RO         6516    !!!scatter          c_w.l(__scatter.o)
    0x080001e8   0x0000001a   Code   RO         6518    !!handler_copy      c_w.l(__scatter_copy.o)
    0x08000202   0x00000002   PAD
    0x08000204   0x0000001c   Code   RO         6520    !!handler_zi        c_w.l(__scatter_zi.o)
    0x08000220   0x00000000   Code   RO         6308    .ARM.Collect$$_printf_percent$$00000000  c_w.l(_printf_percent.o)
    0x08000220   0x00000006   Code   RO         6306    .ARM.Collect$$_printf_percent$$0000000C  c_w.l(_printf_x.o)
    0x08000226   0x00000004   Code   RO         6346    .ARM.Collect$$_printf_percent$$00000017  c_w.l(_printf_percent_end.o)
    0x0800022a   0x00000002   Code   RO         6390    .ARM.Collect$$libinit$$00000000  c_w.l(libinit.o)
    0x0800022c   0x00000004   Code   RO         6402    .ARM.Collect$$libinit$$00000001  c_w.l(libinit2.o)
    0x08000230   0x00000000   Code   RO         6405    .ARM.Collect$$libinit$$00000004  c_w.l(libinit2.o)
    0x08000230   0x00000000   Code   RO         6408    .ARM.Collect$$libinit$$0000000A  c_w.l(libinit2.o)
    0x08000230   0x00000000   Code   RO         6410    .ARM.Collect$$libinit$$0000000C  c_w.l(libinit2.o)
    0x08000230   0x00000000   Code   RO         6412    .ARM.Collect$$libinit$$0000000E  c_w.l(libinit2.o)
    0x08000230   0x00000000   Code   RO         6415    .ARM.Collect$$libinit$$00000011  c_w.l(libinit2.o)
    0x08000230   0x00000000   Code   RO         6417    .ARM.Collect$$libinit$$00000013  c_w.l(libinit2.o)
    0x08000230   0x00000000   Code   RO         6419    .ARM.Collect$$libinit$$00000015  c_w.l(libinit2.o)
    0x08000230   0x00000000   Code   RO         6421    .ARM.Collect$$libinit$$00000017  c_w.l(libinit2.o)
    0x08000230   0x00000000   Code   RO         6423    .ARM.Collect$$libinit$$00000019  c_w.l(libinit2.o)
    0x08000230   0x00000000   Code   RO         6425    .ARM.Collect$$libinit$$0000001B  c_w.l(libinit2.o)
    0x08000230   0x00000000   Code   RO         6427    .ARM.Collect$$libinit$$0000001D  c_w.l(libinit2.o)
    0x08000230   0x00000000   Code   RO         6429    .ARM.Collect$$libinit$$0000001F  c_w.l(libinit2.o)
    0x08000230   0x00000000   Code   RO         6431    .ARM.Collect$$libinit$$00000021  c_w.l(libinit2.o)
    0x08000230   0x00000000   Code   RO         6433    .ARM.Collect$$libinit$$00000023  c_w.l(libinit2.o)
    0x08000230   0x00000000   Code   RO         6435    .ARM.Collect$$libinit$$00000025  c_w.l(libinit2.o)
    0x08000230   0x00000000   Code   RO         6439    .ARM.Collect$$libinit$$0000002C  c_w.l(libinit2.o)
    0x08000230   0x00000000   Code   RO         6441    .ARM.Collect$$libinit$$0000002E  c_w.l(libinit2.o)
    0x08000230   0x00000000   Code   RO         6443    .ARM.Collect$$libinit$$00000030  c_w.l(libinit2.o)
    0x08000230   0x00000000   Code   RO         6445    .ARM.Collect$$libinit$$00000032  c_w.l(libinit2.o)
    0x08000230   0x00000002   Code   RO         6446    .ARM.Collect$$libinit$$00000033  c_w.l(libinit2.o)
    0x08000232   0x00000002   Code   RO         6472    .ARM.Collect$$libshutdown$$00000000  c_w.l(libshutdown.o)
    0x08000234   0x00000000   Code   RO         6499    .ARM.Collect$$libshutdown$$00000002  c_w.l(libshutdown2.o)
    0x08000234   0x00000000   Code   RO         6501    .ARM.Collect$$libshutdown$$00000004  c_w.l(libshutdown2.o)
    0x08000234   0x00000000   Code   RO         6504    .ARM.Collect$$libshutdown$$00000007  c_w.l(libshutdown2.o)
    0x08000234   0x00000000   Code   RO         6507    .ARM.Collect$$libshutdown$$0000000A  c_w.l(libshutdown2.o)
    0x08000234   0x00000000   Code   RO         6509    .ARM.Collect$$libshutdown$$0000000C  c_w.l(libshutdown2.o)
    0x08000234   0x00000000   Code   RO         6512    .ARM.Collect$$libshutdown$$0000000F  c_w.l(libshutdown2.o)
    0x08000234   0x00000002   Code   RO         6513    .ARM.Collect$$libshutdown$$00000010  c_w.l(libshutdown2.o)
    0x08000236   0x00000000   Code   RO         6335    .ARM.Collect$$rtentry$$00000000  c_w.l(__rtentry.o)
    0x08000236   0x00000000   Code   RO         6353    .ARM.Collect$$rtentry$$00000002  c_w.l(__rtentry2.o)
    0x08000236   0x00000006   Code   RO         6365    .ARM.Collect$$rtentry$$00000004  c_w.l(__rtentry4.o)
    0x0800023c   0x00000000   Code   RO         6355    .ARM.Collect$$rtentry$$00000009  c_w.l(__rtentry2.o)
    0x0800023c   0x00000004   Code   RO         6356    .ARM.Collect$$rtentry$$0000000A  c_w.l(__rtentry2.o)
    0x08000240   0x00000000   Code   RO         6358    .ARM.Collect$$rtentry$$0000000C  c_w.l(__rtentry2.o)
    0x08000240   0x00000008   Code   RO         6359    .ARM.Collect$$rtentry$$0000000D  c_w.l(__rtentry2.o)
    0x08000248   0x00000002   Code   RO         6394    .ARM.Collect$$rtexit$$00000000  c_w.l(rtexit.o)
    0x0800024a   0x00000000   Code   RO         6448    .ARM.Collect$$rtexit$$00000002  c_w.l(rtexit2.o)
    0x0800024a   0x00000004   Code   RO         6449    .ARM.Collect$$rtexit$$00000003  c_w.l(rtexit2.o)
    0x0800024e   0x00000006   Code   RO         6450    .ARM.Collect$$rtexit$$00000004  c_w.l(rtexit2.o)
    0x08000254   0x00000040   Code   RO          609    .text               startup_stm32f429xx.o
    0x08000294   0x000000e0   Code   RO         4426    .text               port_s.o
    0x08000374   0x00000002   Code   RO         6250    .text               c_w.l(use_no_semi_2.o)
    0x08000376   0x000000ee   Code   RO         6252    .text               c_w.l(lludivv7m.o)
    0x08000464   0x00000018   Code   RO         6256    .text               c_w.l(noretval__2printf.o)
    0x0800047c   0x00000068   Code   RO         6258    .text               c_w.l(__printf.o)
    0x080004e4   0x00000058   Code   RO         6267    .text               c_w.l(_printf_hex_int.o)
    0x0800053c   0x0000008a   Code   RO         6309    .text               c_w.l(rt_memcpy_v6.o)
    0x080005c6   0x00000064   Code   RO         6311    .text               c_w.l(rt_memcpy_w.o)
    0x0800062a   0x00000006   Code   RO         6317    .text               c_w.l(heapauxi.o)
    0x08000630   0x00000002   Code   RO         6333    .text               c_w.l(use_no_semi.o)
    0x08000632   0x000000b2   Code   RO         6340    .text               c_w.l(_printf_intcommon.o)
    0x080006e4   0x00000024   Code   RO         6344    .text               c_w.l(_printf_char_file.o)
    0x08000708   0x00000030   Code   RO         6369    .text               c_w.l(_printf_char_common.o)
    0x08000738   0x00000008   Code   RO         6371    .text               c_w.l(ferror.o)
    0x08000740   0x0000004a   Code   RO         6375    .text               c_w.l(sys_stackheap_outer.o)
    0x0800078a   0x00000012   Code   RO         6379    .text               c_w.l(exit.o)
    0x0800079c   0x00000008   Code   RO         6391    .text               c_w.l(libspace.o)
    0x080007a4   0x00000002   Code   RO          391    i.BusFault_Handler  stm32f4xx_it.o
    0x080007a6   0x00000002   Code   RO          392    i.DebugMon_Handler  stm32f4xx_it.o
    0x080007a8   0x00000040   Code   RO         2753    i.FMC_NORSRAM_Extended_Timing_Init  stm32f4xx_ll_fmc.o
    0x080007e8   0x00000078   Code   RO         2754    i.FMC_NORSRAM_Init  stm32f4xx_ll_fmc.o
    0x08000860   0x0000005c   Code   RO         2755    i.FMC_NORSRAM_Timing_Init  stm32f4xx_ll_fmc.o
    0x080008bc   0x000001dc   Code   RO          900    i.HAL_GPIO_Init     stm32f4xx_hal_gpio.o
    0x08000a98   0x0000000a   Code   RO          902    i.HAL_GPIO_ReadPin  stm32f4xx_hal_gpio.o
    0x08000aa2   0x0000000a   Code   RO          904    i.HAL_GPIO_WritePin  stm32f4xx_hal_gpio.o
    0x08000aac   0x0000000c   Code   RO          631    i.HAL_GetTick       stm32f4xx_hal.o
    0x08000ab8   0x00000010   Code   RO          632    i.HAL_IncTick       stm32f4xx_hal.o
    0x08000ac8   0x00000034   Code   RO          633    i.HAL_Init          stm32f4xx_hal.o
    0x08000afc   0x00000022   Code   RO          634    i.HAL_InitTick      stm32f4xx_hal.o
    0x08000b1e   0x00000052   Code   RO         3203    i.HAL_LTDC_ConfigLayer  stm32f4xx_hal_ltdc.o
    0x08000b70   0x000000fc   Code   RO         3215    i.HAL_LTDC_Init     stm32f4xx_hal_ltdc.o
    0x08000c6c   0x000000f4   Code   RO         4051    i.HAL_LTDC_MspInit  ltdc.o
    0x08000d60   0x00000054   Code   RO         3224    i.HAL_LTDC_SetWindowPosition  stm32f4xx_hal_ltdc.o
    0x08000db4   0x00000054   Code   RO         3225    i.HAL_LTDC_SetWindowSize  stm32f4xx_hal_ltdc.o
    0x08000e08   0x00000008   Code   RO          636    i.HAL_MspInit       stm32f4xx_hal.o
    0x08000e10   0x00000016   Code   RO          777    i.HAL_NVIC_EnableIRQ  stm32f4xx_hal_cortex.o
    0x08000e26   0x00000002   PAD
    0x08000e28   0x00000040   Code   RO          783    i.HAL_NVIC_SetPriority  stm32f4xx_hal_cortex.o
    0x08000e68   0x00000024   Code   RO          784    i.HAL_NVIC_SetPriorityGrouping  stm32f4xx_hal_cortex.o
    0x08000e8c   0x00000088   Code   RO         1089    i.HAL_PWREx_EnableOverDrive  stm32f4xx_hal_pwr_ex.o
    0x08000f14   0x000002a8   Code   RO         1261    i.HAL_RCCEx_PeriphCLKConfig  stm32f4xx_hal_rcc_ex.o
    0x080011bc   0x00000208   Code   RO         1156    i.HAL_RCC_ClockConfig  stm32f4xx_hal_rcc.o
    0x080013c4   0x00000034   Code   RO         1161    i.HAL_RCC_GetHCLKFreq  stm32f4xx_hal_rcc.o
    0x080013f8   0x0000002c   Code   RO         1163    i.HAL_RCC_GetPCLK1Freq  stm32f4xx_hal_rcc.o
    0x08001424   0x0000002c   Code   RO         1164    i.HAL_RCC_GetPCLK2Freq  stm32f4xx_hal_rcc.o
    0x08001450   0x00000074   Code   RO         1165    i.HAL_RCC_GetSysClockFreq  stm32f4xx_hal_rcc.o
    0x080014c4   0x0000031c   Code   RO         1168    i.HAL_RCC_OscConfig  stm32f4xx_hal_rcc.o
    0x080017e0   0x00000056   Code   RO         2929    i.HAL_SRAM_Init     stm32f4xx_hal_sram.o
    0x08001836   0x00000002   PAD
    0x08001838   0x00000078   Code   RO         4165    i.HAL_SRAM_MspInit  lcd.o
    0x080018b0   0x00000018   Code   RO          786    i.HAL_SYSTICK_CLKSourceConfig  stm32f4xx_hal_cortex.o
    0x080018c8   0x00000028   Code   RO          788    i.HAL_SYSTICK_Config  stm32f4xx_hal_cortex.o
    0x080018f0   0x00000002   Code   RO         1308    i.HAL_UART_ErrorCallback  stm32f4xx_hal_uart.o
    0x080018f2   0x000000f4   Code   RO         1311    i.HAL_UART_IRQHandler  stm32f4xx_hal_uart.o
    0x080019e6   0x0000005e   Code   RO         1312    i.HAL_UART_Init     stm32f4xx_hal_uart.o
    0x08001a44   0x00000094   Code   RO         3935    i.HAL_UART_MspInit  usart.o
    0x08001ad8   0x000000ca   Code   RO         1315    i.HAL_UART_Receive  stm32f4xx_hal_uart.o
    0x08001ba2   0x00000002   Code   RO         1318    i.HAL_UART_RxCpltCallback  stm32f4xx_hal_uart.o
    0x08001ba4   0x00000002   Code   RO         1323    i.HAL_UART_TxCpltCallback  stm32f4xx_hal_uart.o
    0x08001ba6   0x00000002   Code   RO          393    i.HardFault_Handler  stm32f4xx_it.o
    0x08001ba8   0x00000080   Code   RO         4020    i.KEY_Init          key.o
    0x08001c28   0x00000048   Code   RO         4167    i.LCD_Clear         lcd.o
    0x08001c70   0x000000f4   Code   RO         4171    i.LCD_Display_Dir   lcd.o
    0x08001d64   0x0000238c   Code   RO         4178    i.LCD_Init          lcd.o
    0x080040f0   0x00000014   Code   RO         4180    i.LCD_RD_DATA       lcd.o
    0x08004104   0x00000050   Code   RO         4183    i.LCD_SSD_BackLightSet  lcd.o
    0x08004154   0x000001b8   Code   RO         4184    i.LCD_Scan_Dir      lcd.o
    0x0800430c   0x00000104   Code   RO         4185    i.LCD_SetCursor     lcd.o
    0x08004410   0x00000018   Code   RO         4191    i.LCD_WR_DATA       lcd.o
    0x08004428   0x00000018   Code   RO         4192    i.LCD_WR_REG        lcd.o
    0x08004440   0x00000014   Code   RO         4194    i.LCD_WriteRAM_Prepare  lcd.o
    0x08004454   0x00000010   Code   RO         4195    i.LCD_WriteReg      lcd.o
    0x08004464   0x0000004c   Code   RO         3996    i.LED_Init          led.o
    0x080044b0   0x00000020   Code   RO         4052    i.LTDC_Clear        ltdc.o
    0x080044d0   0x0000001e   Code   RO         4053    i.LTDC_Clk_Set      ltdc.o
    0x080044ee   0x00000002   PAD
    0x080044f0   0x00000028   Code   RO         4055    i.LTDC_Display_Dir  ltdc.o
    0x08004518   0x000000b4   Code   RO         4057    i.LTDC_Fill         ltdc.o
    0x080045cc   0x000001e8   Code   RO         4058    i.LTDC_Init         ltdc.o
    0x080047b4   0x0000005c   Code   RO         4059    i.LTDC_Layer_Parameter_Config  ltdc.o
    0x08004810   0x00000024   Code   RO         4061    i.LTDC_Layer_Window_Config  ltdc.o
    0x08004834   0x000000b8   Code   RO         4062    i.LTDC_PanelID_Read  ltdc.o
    0x080048ec   0x00000162   Code   RO         3226    i.LTDC_SetConfig    stm32f4xx_hal_ltdc.o
    0x08004a4e   0x00000002   Code   RO          394    i.MemManage_Handler  stm32f4xx_it.o
    0x08004a50   0x00000002   Code   RO          395    i.NMI_Handler       stm32f4xx_it.o
    0x08004a52   0x00000020   Code   RO          790    i.NVIC_SetPriority  stm32f4xx_hal_cortex.o
    0x08004a72   0x00000020   Code   RO         4384    i.NVIC_SetPriority  port_c.o
    0x08004a92   0x00000002   Code   RO          397    i.SVC_Handler       stm32f4xx_it.o
    0x08004a94   0x00000084   Code   RO         3908    i.Stm32_Clock_Init  sys.o
    0x08004b18   0x00000016   Code   RO          398    i.SysTick_Handler   stm32f4xx_it.o
    0x08004b2e   0x00000002   PAD
    0x08004b30   0x00000054   Code   RO          470    i.SystemInit        system_stm32f4xx.o
    0x08004b84   0x000000a6   Code   RO         1330    i.UART_Receive_IT   stm32f4xx_hal_uart.o
    0x08004c2a   0x00000002   PAD
    0x08004c2c   0x00000174   Code   RO         1331    i.UART_SetConfig    stm32f4xx_hal_uart.o
    0x08004da0   0x00000066   Code   RO         1332    i.UART_Transmit_IT  stm32f4xx_hal_uart.o
    0x08004e06   0x00000092   Code   RO         1333    i.UART_WaitOnFlagUntilTimeout  stm32f4xx_hal_uart.o
    0x08004e98   0x0000006c   Code   RO         3936    i.USART1_IRQHandler  usart.o
    0x08004f04   0x00000002   Code   RO          399    i.UsageFault_Handler  stm32f4xx_it.o
    0x08004f06   0x00000010   Code   RO         4748    i.__ffs             tos_mmheap.o
    0x08004f16   0x0000000a   Code   RO         4749    i.__fls             tos_mmheap.o
    0x08004f20   0x0000000a   Code   RO         4909    i._list_add         tos_msg.o
    0x08004f2a   0x0000000a   Code   RO         5353    i._list_add         tos_sched.o
    0x08004f34   0x00000002   Code   RO         3937    i._sys_exit         usart.o
    0x08004f36   0x0000001e   Code   RO         4750    i.adjust_request_size  tos_mmheap.o
    0x08004f54   0x0000000a   Code   RO         4751    i.align_ptr         tos_mmheap.o
    0x08004f5e   0x0000001c   Code   RO         4752    i.blk_absorb        tos_mmheap.o
    0x08004f7a   0x00000014   Code   RO         4753    i.blk_can_split     tos_mmheap.o
    0x08004f8e   0x00000002   PAD
    0x08004f90   0x00000048   Code   RO         4754    i.blk_insert        tos_mmheap.o
    0x08004fd8   0x0000000c   Code   RO         4755    i.blk_link_next     tos_mmheap.o
    0x08004fe4   0x00000090   Code   RO         4756    i.blk_locate_free   tos_mmheap.o
    0x08005074   0x0000001a   Code   RO         4757    i.blk_mark_as_free  tos_mmheap.o
    0x0800508e   0x0000001a   Code   RO         4758    i.blk_mark_as_used  tos_mmheap.o
    0x080050a8   0x00000026   Code   RO         4759    i.blk_merge_next    tos_mmheap.o
    0x080050ce   0x00000010   Code   RO         4760    i.blk_next          tos_mmheap.o
    0x080050de   0x0000003c   Code   RO         4761    i.blk_prepare_used  tos_mmheap.o
    0x0800511a   0x0000001e   Code   RO         4762    i.blk_remove        tos_mmheap.o
    0x08005138   0x00000032   Code   RO         4763    i.blk_split         tos_mmheap.o
    0x0800516a   0x00000004   Code   RO         4432    i.cpu_context_switch  tos_cpu.o
    0x0800516e   0x00000002   PAD
    0x08005170   0x0000002c   Code   RO         4433    i.cpu_init          tos_cpu.o
    0x0800519c   0x00000004   Code   RO         4434    i.cpu_irq_context_switch  tos_cpu.o
    0x080051a0   0x00000004   Code   RO         4436    i.cpu_sched_start   tos_cpu.o
    0x080051a4   0x00000014   Code   RO         4437    i.cpu_systick_init  tos_cpu.o
    0x080051b8   0x00000092   Code   RO         4439    i.cpu_task_stk_init  tos_cpu.o
    0x0800524a   0x00000002   PAD
    0x0800524c   0x00000014   Code   RO         3869    i.delay_init        delay.o
    0x08005260   0x0000001a   Code   RO         3870    i.delay_ms          delay.o
    0x0800527a   0x00000002   PAD
    0x0800527c   0x00000034   Code   RO         3871    i.delay_us          delay.o
    0x080052b0   0x00000104   Code   RO            4    i.entry_task_demo   main.o
    0x080053b4   0x00000014   Code   RO         3938    i.fputc             usart.o
    0x080053c8   0x0000000c   Code   RO         4764    i.generic_fls       tos_mmheap.o
    0x080053d4   0x00000002   Code   RO         5537    i.knl_idle_entry    tos_sys.o
    0x080053d6   0x00000002   PAD
    0x080053d8   0x00000038   Code   RO         5538    i.knl_idle_init     tos_sys.o
    0x08005410   0x00000014   Code   RO         5539    i.knl_is_idle       tos_sys.o
    0x08005424   0x00000010   Code   RO         5540    i.knl_is_inirq      tos_sys.o
    0x08005434   0x00000010   Code   RO         5541    i.knl_is_sched_locked  tos_sys.o
    0x08005444   0x00000014   Code   RO         5542    i.knl_is_self       tos_sys.o
    0x08005458   0x0000003c   Code   RO         5543    i.knl_sched         tos_sys.o
    0x08005494   0x00000074   Code   RO            5    i.main              main.o
    0x08005508   0x0000002c   Code   RO         4765    i.mapping_insert    tos_mmheap.o
    0x08005534   0x00000038   Code   RO         4766    i.mmheap_init       tos_mmheap.o
    0x0800556c   0x00000024   Code   RO         4911    i.msgpool_init      tos_msg.o
    0x08005590   0x0000003a   Code   RO         5018    i.mutex_old_owner_release  tos_mutex.o
    0x080055ca   0x00000014   Code   RO         5019    i.mutex_release     tos_mutex.o
    0x080055de   0x0000001e   Code   RO         5115    i.pend_highest_prio_get  tos_pend.o
    0x080055fc   0x00000034   Code   RO         5117    i.pend_list_add     tos_pend.o
    0x08005630   0x0000000e   Code   RO         5118    i.pend_list_adjust  tos_pend.o
    0x0800563e   0x00000016   Code   RO         5119    i.pend_list_remove  tos_pend.o
    0x08005654   0x00000038   Code   RO         5125    i.pend_task_wakeup  tos_pend.o
    0x0800568c   0x00000020   Code   RO         5127    i.pend_wakeup_all   tos_pend.o
    0x080056ac   0x00000022   Code   RO         4386    i.port_systick_config  port_c.o
    0x080056ce   0x0000000a   Code   RO         4387    i.port_systick_priority_set  port_c.o
    0x080056d8   0x00000018   Code   RO         5354    i.readyqueue_add    tos_sched.o
    0x080056f0   0x00000030   Code   RO         5355    i.readyqueue_add_head  tos_sched.o
    0x08005720   0x0000002c   Code   RO         5356    i.readyqueue_add_tail  tos_sched.o
    0x0800574c   0x00000020   Code   RO         5357    i.readyqueue_first_task_get  tos_sched.o
    0x0800576c   0x00000014   Code   RO         5358    i.readyqueue_highest_ready_task_get  tos_sched.o
    0x08005780   0x00000034   Code   RO         5359    i.readyqueue_init   tos_sched.o
    0x080057b4   0x0000001c   Code   RO         5360    i.readyqueue_is_prio_onlyone  tos_sched.o
    0x080057d0   0x0000002c   Code   RO         5361    i.readyqueue_move_head_to_tail  tos_sched.o
    0x080057fc   0x00000030   Code   RO         5362    i.readyqueue_prio_mark  tos_sched.o
    0x0800582c   0x00000060   Code   RO         5363    i.readyqueue_remove  tos_sched.o
    0x0800588c   0x00000040   Code   RO         4767    i.remove_free_block  tos_mmheap.o
    0x080058cc   0x0000007c   Code   RO         5317    i.robin_sched       tos_robin.o
    0x08005948   0x00000006   Code   RO         5635    i.task_exit         tos_task.o
    0x0800594e   0x00000026   Code   RO         5636    i.task_reset        tos_task.o
    0x08005974   0x0000000c   Code   RO         5637    i.task_state_is_ready  tos_task.o
    0x08005980   0x00000030   Code   RO         5761    i.tick_list_add     tos_tick.o
    0x080059b0   0x00000078   Code   RO         5762    i.tick_list_remove  tos_tick.o
    0x08005a28   0x0000007c   Code   RO         5764    i.tick_task_place   tos_tick.o
    0x08005aa4   0x00000078   Code   RO         5765    i.tick_update       tos_tick.o
    0x08005b1c   0x00000004   Code   RO         5907    i.timer_init        tos_timer.o
    0x08005b20   0x00000074   Code   RO         5909    i.timer_place       tos_timer.o
    0x08005b94   0x0000004c   Code   RO         5910    i.timer_takeoff     tos_timer.o
    0x08005be0   0x0000007c   Code   RO         5911    i.timer_update      tos_timer.o
    0x08005c5c   0x00000004   Code   RO         4440    i.tos_cpu_clz       tos_cpu.o
    0x08005c60   0x00000004   Code   RO         4441    i.tos_cpu_cpsr_restore  tos_cpu.o
    0x08005c64   0x00000004   Code   RO         4442    i.tos_cpu_cpsr_save  tos_cpu.o
    0x08005c68   0x00000030   Code   RO         5544    i.tos_knl_init      tos_sys.o
    0x08005c98   0x0000001c   Code   RO         5545    i.tos_knl_irq_enter  tos_sys.o
    0x08005cb4   0x00000054   Code   RO         5546    i.tos_knl_irq_leave  tos_sys.o
    0x08005d08   0x00000010   Code   RO         5547    i.tos_knl_is_running  tos_sys.o
    0x08005d18   0x00000040   Code   RO         5548    i.tos_knl_sched_lock  tos_sys.o
    0x08005d58   0x00000044   Code   RO         5549    i.tos_knl_sched_unlock  tos_sys.o
    0x08005d9c   0x00000034   Code   RO         5550    i.tos_knl_start     tos_sys.o
    0x08005dd0   0x00000006   Code   RO         4912    i.tos_list_add      tos_msg.o
    0x08005dd6   0x0000000a   Code   RO         5365    i.tos_list_add_tail  tos_sched.o
    0x08005de0   0x0000000e   Code   RO         5129    i.tos_list_empty    tos_pend.o
    0x08005dee   0x0000000e   Code   RO         5366    i.tos_list_empty    tos_sched.o
    0x08005dfc   0x0000000e   Code   RO         5638    i.tos_list_empty    tos_task.o
    0x08005e0a   0x0000000e   Code   RO         5766    i.tos_list_empty    tos_tick.o
    0x08005e18   0x00000094   Code   RO         4768    i.tos_mmheap_aligned_alloc  tos_mmheap.o
    0x08005eac   0x0000001e   Code   RO         4769    i.tos_mmheap_alloc  tos_mmheap.o
    0x08005eca   0x0000003a   Code   RO         4771    i.tos_mmheap_free   tos_mmheap.o
    0x08005f04   0x00000054   Code   RO         4772    i.tos_mmheap_pool_add  tos_mmheap.o
    0x08005f58   0x000000be   Code   RO         4774    i.tos_mmheap_realloc  tos_mmheap.o
    0x08006016   0x00000002   PAD
    0x08006018   0x000000b8   Code   RO         5639    i.tos_task_create   tos_task.o
    0x080060d0   0x00000060   Code   RO         5640    i.tos_task_delay    tos_task.o
    0x08006130   0x000000b4   Code   RO         5642    i.tos_task_destroy  tos_task.o
    0x080061e4   0x000000b8   Code   RO         5643    i.tos_task_prio_change  tos_task.o
    0x0800629c   0x00000034   Code   RO         5647    i.tos_task_yield    tos_task.o
    0x080062d0   0x0000002c   Code   RO         5767    i.tos_tick_handler  tos_tick.o
    0x080062fc   0x00000024   Code   RO         3939    i.uart_init         usart.o
    0x08006320   0x0000005a   Code   RO         6321    x$fpl$dfixu         fz_wm.l(dfixu.o)
    0x0800637a   0x00000026   Code   RO         6325    x$fpl$dfltu         fz_wm.l(dflt_clz.o)
    0x080063a0   0x00000154   Code   RO         6331    x$fpl$dmul          fz_wm.l(dmul.o)
    0x080064f4   0x0000009c   Code   RO         6347    x$fpl$dnaninf       fz_wm.l(dnaninf.o)
    0x08006590   0x0000000c   Code   RO         6349    x$fpl$dretinf       fz_wm.l(dretinf.o)
    0x0800659c   0x0000000a   Code   RO         6460    x$fpl$fpinit        fz_wm.l(fpinit.o)
    0x080065a6   0x00000000   Code   RO         6351    x$fpl$usenofp       fz_wm.l(usenofp.o)
    0x080065a6   0x00000010   Data   RO         1169    .constdata          stm32f4xx_hal_rcc.o
    0x080065b6   0x00000002   PAD
    0x080065b8   0x00000004   Data   RO         4668    .constdata          tos_global.o
    0x080065bc   0x00000004   Data   RO         4669    .constdata          tos_global.o
    0x080065c0   0x00000028   Data   RO         6268    .constdata          c_w.l(_printf_hex_int.o)
    0x080065e8   0x00000020   Data   RO         6514    Region$$Table       anon$$obj.o


    Execution Region RW_IRAM1 (Base: 0x20000000, Size: 0x00007998, Max: 0x00030000, ABSOLUTE)

    Base Addr    Size         Type   Attr      Idx    E Section Name        Object

    0x20000000   0x00000014   Data   RW          471    .data               system_stm32f4xx.o
    0x20000014   0x00000004   Data   RW          639    .data               stm32f4xx_hal.o
    0x20000018   0x00000004   Data   RW         3872    .data               delay.o
    0x2000001c   0x00000002   Data   RW         3941    .data               usart.o
    0x2000001e   0x00000002   PAD
    0x20000020   0x00000004   Data   RW         3942    .data               usart.o
    0x20000024   0x00000008   Data   RW         4069    .data               ltdc.o
    0x2000002c   0x00000001   Data   RW         4670    .data               tos_global.o
    0x2000002d   0x00000001   Data   RW         4671    .data               tos_global.o
    0x2000002e   0x00000001   Data   RW         4672    .data               tos_global.o
    0x2000002f   0x00000001   PAD
    0x20000030   0x00000008   Data   RW         4673    .data               tos_global.o
    0x20000038   0x00000004   Data   RW         4674    .data               tos_global.o
    0x2000003c   0x00000004   Data   RW         4675    .data               tos_global.o
    0x20000040   0x00000008   Data   RW         4676    .data               tos_global.o
    0x20000048   0x00000004   Data   RW         4677    .data               tos_global.o
    0x2000004c   0x00000008   Data   RW         4678    .data               tos_global.o
    0x20000054   0x00000004   Data   RW         4679    .data               tos_global.o
    0x20000058   0x00000001   Data   RW         4680    .data               tos_global.o
    0x20000059   0x00000007   PAD
    0x20000060   0x00000010   Data   RW         4681    .data               tos_global.o
    0x20000070   0x00000008   Data   RW         4682    .data               tos_global.o
    0x20000078   0x00000268   Zero   RW            6    .bss                main.o
    0x200002e0   0x00000108   Zero   RW         3940    .bss                usart.o
    0x200003e8   0x000000c8   Zero   RW         4067    .bss                ltdc.o
    0x200004b0   0x0000005e   Zero   RW         4197    .bss                lcd.o
    0x2000050e   0x00000002   PAD
    0x20000510   0x00000058   Zero   RW         4662    .bss                tos_global.o
    0x20000568   0x00000068   Zero   RW         4663    .bss                tos_global.o
    0x200005d0   0x00000050   Zero   RW         4664    .bss                tos_global.o
    0x20000620   0x00006000   Zero   RW         4665    .bss                tos_global.o
    0x20006620   0x00000c74   Zero   RW         4666    .bss                tos_global.o
    0x20007294   0x000000a0   Zero   RW         4667    .bss                tos_global.o
    0x20007334   0x00000060   Zero   RW         6392    .bss                c_w.l(libspace.o)
    0x20007394   0x00000004   PAD
    0x20007398   0x00000200   Zero   RW          607    HEAP                startup_stm32f429xx.o
    0x20007598   0x00000400   Zero   RW          606    STACK               startup_stm32f429xx.o



  Load Region LR$$.ARM.__AT_0xC0000000 (Base: 0xc0000000, Size: 0x00000000, Max: 0x001f4000, ABSOLUTE)

    Execution Region ER$$.ARM.__AT_0xC0000000 (Base: 0xc0000000, Size: 0x001f4000, Max: 0x001f4000, ABSOLUTE, UNINIT)

    Base Addr    Size         Type   Attr      Idx    E Section Name        Object

    0xc0000000   0x001f4000   Zero   RW         4066    .ARM.__AT_0xC0000000  ltdc.o


==============================================================================

Image component sizes


      Code (inc. data)   RO Data    RW Data    ZI Data      Debug   Object Name

        98          8          0          4          0       2003   delay.o
       128         18          0          0          0       1023   key.o
     10420        140          0          0         94      16252   lcd.o
        76          8          0          0          0        907   led.o
      1326        108          0          8    2048200       8990   ltdc.o
       376        136          0          0        616     421093   main.o
        76          0          0          0          0      28489   port_c.o
       224         10          0          0          0        400   port_s.o
        64         26        428          0       1536        848   startup_stm32f429xx.o
       122         16          0          4          0       4296   stm32f4xx_hal.o
       218         14          0          0          0      31053   stm32f4xx_hal_cortex.o
       496         54          0          0          0       3403   stm32f4xx_hal_gpio.o
       856          4          0          0          0       4885   stm32f4xx_hal_ltdc.o
       136         14          0          0          0       1348   stm32f4xx_hal_pwr_ex.o
      1572         72         16          0          0       6531   stm32f4xx_hal_rcc.o
       680         36          0          0          0       1720   stm32f4xx_hal_rcc_ex.o
        86          0          0          0          0       1260   stm32f4xx_hal_sram.o
      1332          8          0          0          0       8962   stm32f4xx_hal_uart.o
        36          0          0          0          0       3777   stm32f4xx_it.o
       276         20          0          0          0       2884   stm32f4xx_ll_fmc.o
       132         10          0          0          0       1187   sys.o
        84         18          0         20          0       1109   system_stm32f4xx.o
       234         14          0          0          0       6075   tos_cpu.o
         0          0          8         68      28196       1629   tos_global.o
      1274         24          0          0          0      21209   tos_mmheap.o
        52          8          0          0          0       3459   tos_msg.o
        78          0          0          0          0       6904   tos_mutex.o
       220          0          0          0          0      11009   tos_pend.o
       124         14          0          0          0       1186   tos_robin.o
       470         52          0          0          0      14077   tos_sched.o
       550         94          0          0          0       8907   tos_sys.o
       766         24          0          0          0      13170   tos_task.o
       470         26          0          0          0       9868   tos_tick.o
       320         24          0          0          0       3432   tos_timer.o
       314         36          0          6        264       4963   usart.o

    ----------------------------------------------------------------------
     23708       1036        486        120    2078908     658308   Object Totals
         0          0         32          0          0          0   (incl. Generated)
        22          0          2         10          2          0   (incl. Padding)

    ----------------------------------------------------------------------

      Code (inc. data)   RO Data    RW Data    ZI Data      Debug   Library Member Name

         8          0          0          0          0         68   __main.o
       104          0          0          0          0         84   __printf.o
         0          0          0          0          0          0   __rtentry.o
        12          0          0          0          0          0   __rtentry2.o
         6          0          0          0          0          0   __rtentry4.o
        52          8          0          0          0          0   __scatter.o
        26          0          0          0          0          0   __scatter_copy.o
        28          0          0          0          0          0   __scatter_zi.o
        48          6          0          0          0         96   _printf_char_common.o
        36          4          0          0          0         80   _printf_char_file.o
        88          4         40          0          0         88   _printf_hex_int.o
       178          0          0          0          0         88   _printf_intcommon.o
         0          0          0          0          0          0   _printf_percent.o
         4          0          0          0          0          0   _printf_percent_end.o
         6          0          0          0          0          0   _printf_x.o
        18          0          0          0          0         80   exit.o
         8          0          0          0          0         68   ferror.o
         6          0          0          0          0        152   heapauxi.o
         2          0          0          0          0          0   libinit.o
         6          0          0          0          0          0   libinit2.o
         2          0          0          0          0          0   libshutdown.o
         2          0          0          0          0          0   libshutdown2.o
         8          4          0          0         96         68   libspace.o
       238          0          0          0          0        100   lludivv7m.o
        24          4          0          0          0         84   noretval__2printf.o
       138          0          0          0          0         68   rt_memcpy_v6.o
       100          0          0          0          0         80   rt_memcpy_w.o
         2          0          0          0          0          0   rtexit.o
        10          0          0          0          0          0   rtexit2.o
        74          0          0          0          0         80   sys_stackheap_outer.o
         2          0          0          0          0         68   use_no_semi.o
         2          0          0          0          0         68   use_no_semi_2.o
        90          4          0          0          0        140   dfixu.o
        38          0          0          0          0        116   dflt_clz.o
       340         12          0          0          0        152   dmul.o
       156          4          0          0          0        140   dnaninf.o
        12          0          0          0          0        116   dretinf.o
        10          0          0          0          0        116   fpinit.o
         0          0          0          0          0          0   usenofp.o

    ----------------------------------------------------------------------
      1886         50         40          0        100       2200   Library Totals
         2          0          0          0          4          0   (incl. Padding)

    ----------------------------------------------------------------------

      Code (inc. data)   RO Data    RW Data    ZI Data      Debug   Library Name

      1238         30         40          0         96       1420   c_w.l
       646         20          0          0          0        780   fz_wm.l

    ----------------------------------------------------------------------
      1886         50         40          0        100       2200   Library Totals

    ----------------------------------------------------------------------

==============================================================================


      Code (inc. data)   RO Data    RW Data    ZI Data      Debug   

     25594       1086        526        120    2079008     642332   Grand Totals
     25594       1086        526        120    2079008     642332   ELF Image Totals
     25594       1086        526        120          0          0   ROM Totals

==============================================================================

    Total RO  Size (Code + RO Data)                26120 (  25.51kB)
    Total RW  Size (RW Data + ZI Data)           2079128 (2030.40kB)
    Total ROM Size (Code + RO Data + RW Data)      26240 (  25.63kB)

==============================================================================

